Archive member included to satisfy reference by file (symbol)

/opt/st/stm32cubeclt_1.15.1/GNU-tools-for-STM32/bin/../lib/gcc/arm-none-eabi/12.3.1/../../../../arm-none-eabi/lib/thumb/v7-m/nofp/libc.a(libc_a-exit.o)
                              /opt/st/stm32cubeclt_1.15.1/GNU-tools-for-STM32/bin/../lib/gcc/arm-none-eabi/12.3.1/../../../../arm-none-eabi/lib/thumb/v7-m/nofp/crt0.o (exit)
/opt/st/stm32cubeclt_1.15.1/GNU-tools-for-STM32/bin/../lib/gcc/arm-none-eabi/12.3.1/../../../../arm-none-eabi/lib/thumb/v7-m/nofp/libc.a(libc_a-findfp.o)
                              /opt/st/stm32cubeclt_1.15.1/GNU-tools-for-STM32/bin/../lib/gcc/arm-none-eabi/12.3.1/../../../../arm-none-eabi/lib/thumb/v7-m/nofp/libc.a(libc_a-exit.o) (__stdio_exit_handler)
/opt/st/stm32cubeclt_1.15.1/GNU-tools-for-STM32/bin/../lib/gcc/arm-none-eabi/12.3.1/../../../../arm-none-eabi/lib/thumb/v7-m/nofp/libc.a(libc_a-fwalk.o)
                              /opt/st/stm32cubeclt_1.15.1/GNU-tools-for-STM32/bin/../lib/gcc/arm-none-eabi/12.3.1/../../../../arm-none-eabi/lib/thumb/v7-m/nofp/libc.a(libc_a-findfp.o) (_fwalk_sglue)
/opt/st/stm32cubeclt_1.15.1/GNU-tools-for-STM32/bin/../lib/gcc/arm-none-eabi/12.3.1/../../../../arm-none-eabi/lib/thumb/v7-m/nofp/libc.a(libc_a-stdio.o)
                              /opt/st/stm32cubeclt_1.15.1/GNU-tools-for-STM32/bin/../lib/gcc/arm-none-eabi/12.3.1/../../../../arm-none-eabi/lib/thumb/v7-m/nofp/libc.a(libc_a-findfp.o) (__sread)
/opt/st/stm32cubeclt_1.15.1/GNU-tools-for-STM32/bin/../lib/gcc/arm-none-eabi/12.3.1/../../../../arm-none-eabi/lib/thumb/v7-m/nofp/libc.a(libc_a-memset.o)
                              /opt/st/stm32cubeclt_1.15.1/GNU-tools-for-STM32/bin/../lib/gcc/arm-none-eabi/12.3.1/../../../../arm-none-eabi/lib/thumb/v7-m/nofp/crt0.o (memset)
/opt/st/stm32cubeclt_1.15.1/GNU-tools-for-STM32/bin/../lib/gcc/arm-none-eabi/12.3.1/../../../../arm-none-eabi/lib/thumb/v7-m/nofp/libc.a(libc_a-closer.o)
                              /opt/st/stm32cubeclt_1.15.1/GNU-tools-for-STM32/bin/../lib/gcc/arm-none-eabi/12.3.1/../../../../arm-none-eabi/lib/thumb/v7-m/nofp/libc.a(libc_a-stdio.o) (_close_r)
/opt/st/stm32cubeclt_1.15.1/GNU-tools-for-STM32/bin/../lib/gcc/arm-none-eabi/12.3.1/../../../../arm-none-eabi/lib/thumb/v7-m/nofp/libc.a(libc_a-reent.o)
                              /opt/st/stm32cubeclt_1.15.1/GNU-tools-for-STM32/bin/../lib/gcc/arm-none-eabi/12.3.1/../../../../arm-none-eabi/lib/thumb/v7-m/nofp/libc.a(libc_a-closer.o) (errno)
/opt/st/stm32cubeclt_1.15.1/GNU-tools-for-STM32/bin/../lib/gcc/arm-none-eabi/12.3.1/../../../../arm-none-eabi/lib/thumb/v7-m/nofp/libc.a(libc_a-impure.o)
                              /opt/st/stm32cubeclt_1.15.1/GNU-tools-for-STM32/bin/../lib/gcc/arm-none-eabi/12.3.1/../../../../arm-none-eabi/lib/thumb/v7-m/nofp/libc.a(libc_a-reent.o) (_impure_ptr)
/opt/st/stm32cubeclt_1.15.1/GNU-tools-for-STM32/bin/../lib/gcc/arm-none-eabi/12.3.1/../../../../arm-none-eabi/lib/thumb/v7-m/nofp/libc.a(libc_a-lseekr.o)
                              /opt/st/stm32cubeclt_1.15.1/GNU-tools-for-STM32/bin/../lib/gcc/arm-none-eabi/12.3.1/../../../../arm-none-eabi/lib/thumb/v7-m/nofp/libc.a(libc_a-stdio.o) (_lseek_r)
/opt/st/stm32cubeclt_1.15.1/GNU-tools-for-STM32/bin/../lib/gcc/arm-none-eabi/12.3.1/../../../../arm-none-eabi/lib/thumb/v7-m/nofp/libc.a(libc_a-readr.o)
                              /opt/st/stm32cubeclt_1.15.1/GNU-tools-for-STM32/bin/../lib/gcc/arm-none-eabi/12.3.1/../../../../arm-none-eabi/lib/thumb/v7-m/nofp/libc.a(libc_a-stdio.o) (_read_r)
/opt/st/stm32cubeclt_1.15.1/GNU-tools-for-STM32/bin/../lib/gcc/arm-none-eabi/12.3.1/../../../../arm-none-eabi/lib/thumb/v7-m/nofp/libc.a(libc_a-writer.o)
                              /opt/st/stm32cubeclt_1.15.1/GNU-tools-for-STM32/bin/../lib/gcc/arm-none-eabi/12.3.1/../../../../arm-none-eabi/lib/thumb/v7-m/nofp/libc.a(libc_a-stdio.o) (_write_r)
/opt/st/stm32cubeclt_1.15.1/GNU-tools-for-STM32/bin/../lib/gcc/arm-none-eabi/12.3.1/../../../../arm-none-eabi/lib/thumb/v7-m/nofp/libc.a(libc_a-init.o)
                              /opt/st/stm32cubeclt_1.15.1/GNU-tools-for-STM32/bin/../lib/gcc/arm-none-eabi/12.3.1/../../../../arm-none-eabi/lib/thumb/v7-m/nofp/crt0.o (__libc_init_array)
/opt/st/stm32cubeclt_1.15.1/GNU-tools-for-STM32/bin/../lib/gcc/arm-none-eabi/12.3.1/../../../../arm-none-eabi/lib/thumb/v7-m/nofp/libc.a(libc_a-lock.o)
                              /opt/st/stm32cubeclt_1.15.1/GNU-tools-for-STM32/bin/../lib/gcc/arm-none-eabi/12.3.1/../../../../arm-none-eabi/lib/thumb/v7-m/nofp/libc.a(libc_a-findfp.o) (__retarget_lock_init_recursive)
/opt/st/stm32cubeclt_1.15.1/GNU-tools-for-STM32/bin/../lib/gcc/arm-none-eabi/12.3.1/../../../../arm-none-eabi/lib/thumb/v7-m/nofp/libc.a(libc_a-__call_atexit.o)
                              /opt/st/stm32cubeclt_1.15.1/GNU-tools-for-STM32/bin/../lib/gcc/arm-none-eabi/12.3.1/../../../../arm-none-eabi/lib/thumb/v7-m/nofp/libc.a(libc_a-exit.o) (__call_exitprocs)
/opt/st/stm32cubeclt_1.15.1/GNU-tools-for-STM32/bin/../lib/gcc/arm-none-eabi/12.3.1/../../../../arm-none-eabi/lib/thumb/v7-m/nofp/libc.a(libc_a-atexit.o)
                              /opt/st/stm32cubeclt_1.15.1/GNU-tools-for-STM32/bin/../lib/gcc/arm-none-eabi/12.3.1/../../../../arm-none-eabi/lib/thumb/v7-m/nofp/libc.a(libc_a-__call_atexit.o) (atexit)
/opt/st/stm32cubeclt_1.15.1/GNU-tools-for-STM32/bin/../lib/gcc/arm-none-eabi/12.3.1/../../../../arm-none-eabi/lib/thumb/v7-m/nofp/libc.a(libc_a-freer.o)
                              /opt/st/stm32cubeclt_1.15.1/GNU-tools-for-STM32/bin/../lib/gcc/arm-none-eabi/12.3.1/../../../../arm-none-eabi/lib/thumb/v7-m/nofp/libc.a(libc_a-reent.o) (_free_r)
/opt/st/stm32cubeclt_1.15.1/GNU-tools-for-STM32/bin/../lib/gcc/arm-none-eabi/12.3.1/../../../../arm-none-eabi/lib/thumb/v7-m/nofp/libc.a(libc_a-mallocr.o)
                              /opt/st/stm32cubeclt_1.15.1/GNU-tools-for-STM32/bin/../lib/gcc/arm-none-eabi/12.3.1/../../../../arm-none-eabi/lib/thumb/v7-m/nofp/libc.a(libc_a-findfp.o) (_malloc_r)
/opt/st/stm32cubeclt_1.15.1/GNU-tools-for-STM32/bin/../lib/gcc/arm-none-eabi/12.3.1/../../../../arm-none-eabi/lib/thumb/v7-m/nofp/libc.a(libc_a-mlock.o)
                              /opt/st/stm32cubeclt_1.15.1/GNU-tools-for-STM32/bin/../lib/gcc/arm-none-eabi/12.3.1/../../../../arm-none-eabi/lib/thumb/v7-m/nofp/libc.a(libc_a-freer.o) (__malloc_lock)
/opt/st/stm32cubeclt_1.15.1/GNU-tools-for-STM32/bin/../lib/gcc/arm-none-eabi/12.3.1/../../../../arm-none-eabi/lib/thumb/v7-m/nofp/libc.a(libc_a-fclose.o)
                              /opt/st/stm32cubeclt_1.15.1/GNU-tools-for-STM32/bin/../lib/gcc/arm-none-eabi/12.3.1/../../../../arm-none-eabi/lib/thumb/v7-m/nofp/libc.a(libc_a-findfp.o) (_fclose_r)
/opt/st/stm32cubeclt_1.15.1/GNU-tools-for-STM32/bin/../lib/gcc/arm-none-eabi/12.3.1/../../../../arm-none-eabi/lib/thumb/v7-m/nofp/libc.a(libc_a-fflush.o)
                              /opt/st/stm32cubeclt_1.15.1/GNU-tools-for-STM32/bin/../lib/gcc/arm-none-eabi/12.3.1/../../../../arm-none-eabi/lib/thumb/v7-m/nofp/libc.a(libc_a-fclose.o) (__sflush_r)
/opt/st/stm32cubeclt_1.15.1/GNU-tools-for-STM32/bin/../lib/gcc/arm-none-eabi/12.3.1/../../../../arm-none-eabi/lib/thumb/v7-m/nofp/libc.a(libc_a-sbrkr.o)
                              /opt/st/stm32cubeclt_1.15.1/GNU-tools-for-STM32/bin/../lib/gcc/arm-none-eabi/12.3.1/../../../../arm-none-eabi/lib/thumb/v7-m/nofp/libc.a(libc_a-freer.o) (_sbrk_r)
/opt/st/stm32cubeclt_1.15.1/GNU-tools-for-STM32/bin/../lib/gcc/arm-none-eabi/12.3.1/../../../../arm-none-eabi/lib/thumb/v7-m/nofp/libc.a(libc_a-fini.o)
                              /opt/st/stm32cubeclt_1.15.1/GNU-tools-for-STM32/bin/../lib/gcc/arm-none-eabi/12.3.1/../../../../arm-none-eabi/lib/thumb/v7-m/nofp/libc.a(libc_a-__call_atexit.o) (__libc_fini_array)
/opt/st/stm32cubeclt_1.15.1/GNU-tools-for-STM32/bin/../lib/gcc/arm-none-eabi/12.3.1/../../../../arm-none-eabi/lib/thumb/v7-m/nofp/libc.a(libc_a-sysconf.o)
                              /opt/st/stm32cubeclt_1.15.1/GNU-tools-for-STM32/bin/../lib/gcc/arm-none-eabi/12.3.1/../../../../arm-none-eabi/lib/thumb/v7-m/nofp/libc.a(libc_a-freer.o) (sysconf)
/opt/st/stm32cubeclt_1.15.1/GNU-tools-for-STM32/bin/../lib/gcc/arm-none-eabi/12.3.1/../../../../arm-none-eabi/lib/thumb/v7-m/nofp/libc.a(libc_a-__atexit.o)
                              /opt/st/stm32cubeclt_1.15.1/GNU-tools-for-STM32/bin/../lib/gcc/arm-none-eabi/12.3.1/../../../../arm-none-eabi/lib/thumb/v7-m/nofp/libc.a(libc_a-atexit.o) (__register_exitproc)
/opt/st/stm32cubeclt_1.15.1/GNU-tools-for-STM32/bin/../lib/gcc/arm-none-eabi/12.3.1/../../../../arm-none-eabi/lib/thumb/v7-m/nofp/libc.a(libc_a-errno.o)
                              /opt/st/stm32cubeclt_1.15.1/GNU-tools-for-STM32/bin/../lib/gcc/arm-none-eabi/12.3.1/../../../../arm-none-eabi/lib/thumb/v7-m/nofp/libc.a(libc_a-sysconf.o) (__errno)

Discarded input sections

 .text          0x00000000        0x0 /opt/st/stm32cubeclt_1.15.1/GNU-tools-for-STM32/bin/../lib/gcc/arm-none-eabi/12.3.1/thumb/v7-m/nofp/crti.o
 .data          0x00000000        0x0 /opt/st/stm32cubeclt_1.15.1/GNU-tools-for-STM32/bin/../lib/gcc/arm-none-eabi/12.3.1/thumb/v7-m/nofp/crti.o
 .bss           0x00000000        0x0 /opt/st/stm32cubeclt_1.15.1/GNU-tools-for-STM32/bin/../lib/gcc/arm-none-eabi/12.3.1/thumb/v7-m/nofp/crti.o
 .data          0x00000000        0x4 /opt/st/stm32cubeclt_1.15.1/GNU-tools-for-STM32/bin/../lib/gcc/arm-none-eabi/12.3.1/thumb/v7-m/nofp/crtbegin.o
 .rodata        0x00000000       0x24 /opt/st/stm32cubeclt_1.15.1/GNU-tools-for-STM32/bin/../lib/gcc/arm-none-eabi/12.3.1/thumb/v7-m/nofp/crtbegin.o
 .text          0x00000000       0x7c /opt/st/stm32cubeclt_1.15.1/GNU-tools-for-STM32/bin/../lib/gcc/arm-none-eabi/12.3.1/../../../../arm-none-eabi/lib/thumb/v7-m/nofp/crt0.o
 .data          0x00000000        0x0 /opt/st/stm32cubeclt_1.15.1/GNU-tools-for-STM32/bin/../lib/gcc/arm-none-eabi/12.3.1/../../../../arm-none-eabi/lib/thumb/v7-m/nofp/crt0.o
 .bss           0x00000000        0x0 /opt/st/stm32cubeclt_1.15.1/GNU-tools-for-STM32/bin/../lib/gcc/arm-none-eabi/12.3.1/../../../../arm-none-eabi/lib/thumb/v7-m/nofp/crt0.o
 .ARM.extab     0x00000000        0x0 /opt/st/stm32cubeclt_1.15.1/GNU-tools-for-STM32/bin/../lib/gcc/arm-none-eabi/12.3.1/../../../../arm-none-eabi/lib/thumb/v7-m/nofp/crt0.o
 .ARM.exidx     0x00000000       0x10 /opt/st/stm32cubeclt_1.15.1/GNU-tools-for-STM32/bin/../lib/gcc/arm-none-eabi/12.3.1/../../../../arm-none-eabi/lib/thumb/v7-m/nofp/crt0.o
 .ARM.attributes
                0x00000000       0x1b /opt/st/stm32cubeclt_1.15.1/GNU-tools-for-STM32/bin/../lib/gcc/arm-none-eabi/12.3.1/../../../../arm-none-eabi/lib/thumb/v7-m/nofp/crt0.o
 .text          0x00000000        0x0 /opt/st/stm32cubeclt_1.15.1/GNU-tools-for-STM32/bin/../lib/gcc/arm-none-eabi/12.3.1/../../../../arm-none-eabi/lib/thumb/v7-m/nofp/libc.a(libc_a-exit.o)
 .data          0x00000000        0x0 /opt/st/stm32cubeclt_1.15.1/GNU-tools-for-STM32/bin/../lib/gcc/arm-none-eabi/12.3.1/../../../../arm-none-eabi/lib/thumb/v7-m/nofp/libc.a(libc_a-exit.o)
 .bss           0x00000000        0x0 /opt/st/stm32cubeclt_1.15.1/GNU-tools-for-STM32/bin/../lib/gcc/arm-none-eabi/12.3.1/../../../../arm-none-eabi/lib/thumb/v7-m/nofp/libc.a(libc_a-exit.o)
 .text.exit     0x00000000       0x1c /opt/st/stm32cubeclt_1.15.1/GNU-tools-for-STM32/bin/../lib/gcc/arm-none-eabi/12.3.1/../../../../arm-none-eabi/lib/thumb/v7-m/nofp/libc.a(libc_a-exit.o)
 .debug_frame   0x00000000       0x28 /opt/st/stm32cubeclt_1.15.1/GNU-tools-for-STM32/bin/../lib/gcc/arm-none-eabi/12.3.1/../../../../arm-none-eabi/lib/thumb/v7-m/nofp/libc.a(libc_a-exit.o)
 .ARM.attributes
                0x00000000       0x2d /opt/st/stm32cubeclt_1.15.1/GNU-tools-for-STM32/bin/../lib/gcc/arm-none-eabi/12.3.1/../../../../arm-none-eabi/lib/thumb/v7-m/nofp/libc.a(libc_a-exit.o)
 .text          0x00000000        0x0 /opt/st/stm32cubeclt_1.15.1/GNU-tools-for-STM32/bin/../lib/gcc/arm-none-eabi/12.3.1/../../../../arm-none-eabi/lib/thumb/v7-m/nofp/libc.a(libc_a-findfp.o)
 .data          0x00000000        0x0 /opt/st/stm32cubeclt_1.15.1/GNU-tools-for-STM32/bin/../lib/gcc/arm-none-eabi/12.3.1/../../../../arm-none-eabi/lib/thumb/v7-m/nofp/libc.a(libc_a-findfp.o)
 .bss           0x00000000        0x0 /opt/st/stm32cubeclt_1.15.1/GNU-tools-for-STM32/bin/../lib/gcc/arm-none-eabi/12.3.1/../../../../arm-none-eabi/lib/thumb/v7-m/nofp/libc.a(libc_a-findfp.o)
 .text.std      0x00000000       0x6c /opt/st/stm32cubeclt_1.15.1/GNU-tools-for-STM32/bin/../lib/gcc/arm-none-eabi/12.3.1/../../../../arm-none-eabi/lib/thumb/v7-m/nofp/libc.a(libc_a-findfp.o)
 .text.stdio_exit_handler
                0x00000000       0x18 /opt/st/stm32cubeclt_1.15.1/GNU-tools-for-STM32/bin/../lib/gcc/arm-none-eabi/12.3.1/../../../../arm-none-eabi/lib/thumb/v7-m/nofp/libc.a(libc_a-findfp.o)
 .text.cleanup_stdio
                0x00000000       0x40 /opt/st/stm32cubeclt_1.15.1/GNU-tools-for-STM32/bin/../lib/gcc/arm-none-eabi/12.3.1/../../../../arm-none-eabi/lib/thumb/v7-m/nofp/libc.a(libc_a-findfp.o)
 .text.__fp_lock
                0x00000000       0x18 /opt/st/stm32cubeclt_1.15.1/GNU-tools-for-STM32/bin/../lib/gcc/arm-none-eabi/12.3.1/../../../../arm-none-eabi/lib/thumb/v7-m/nofp/libc.a(libc_a-findfp.o)
 .text.__fp_unlock
                0x00000000       0x18 /opt/st/stm32cubeclt_1.15.1/GNU-tools-for-STM32/bin/../lib/gcc/arm-none-eabi/12.3.1/../../../../arm-none-eabi/lib/thumb/v7-m/nofp/libc.a(libc_a-findfp.o)
 .text.global_stdio_init.part.0
                0x00000000       0x3c /opt/st/stm32cubeclt_1.15.1/GNU-tools-for-STM32/bin/../lib/gcc/arm-none-eabi/12.3.1/../../../../arm-none-eabi/lib/thumb/v7-m/nofp/libc.a(libc_a-findfp.o)
 .text.__sfp_lock_acquire
                0x00000000        0xc /opt/st/stm32cubeclt_1.15.1/GNU-tools-for-STM32/bin/../lib/gcc/arm-none-eabi/12.3.1/../../../../arm-none-eabi/lib/thumb/v7-m/nofp/libc.a(libc_a-findfp.o)
 .text.__sfp_lock_release
                0x00000000        0xc /opt/st/stm32cubeclt_1.15.1/GNU-tools-for-STM32/bin/../lib/gcc/arm-none-eabi/12.3.1/../../../../arm-none-eabi/lib/thumb/v7-m/nofp/libc.a(libc_a-findfp.o)
 .text.__sfp    0x00000000       0xa4 /opt/st/stm32cubeclt_1.15.1/GNU-tools-for-STM32/bin/../lib/gcc/arm-none-eabi/12.3.1/../../../../arm-none-eabi/lib/thumb/v7-m/nofp/libc.a(libc_a-findfp.o)
 .text.__sinit  0x00000000       0x30 /opt/st/stm32cubeclt_1.15.1/GNU-tools-for-STM32/bin/../lib/gcc/arm-none-eabi/12.3.1/../../../../arm-none-eabi/lib/thumb/v7-m/nofp/libc.a(libc_a-findfp.o)
 .text.__fp_lock_all
                0x00000000       0x1c /opt/st/stm32cubeclt_1.15.1/GNU-tools-for-STM32/bin/../lib/gcc/arm-none-eabi/12.3.1/../../../../arm-none-eabi/lib/thumb/v7-m/nofp/libc.a(libc_a-findfp.o)
 .text.__fp_unlock_all
                0x00000000       0x1c /opt/st/stm32cubeclt_1.15.1/GNU-tools-for-STM32/bin/../lib/gcc/arm-none-eabi/12.3.1/../../../../arm-none-eabi/lib/thumb/v7-m/nofp/libc.a(libc_a-findfp.o)
 .data.__sglue  0x00000000        0xc /opt/st/stm32cubeclt_1.15.1/GNU-tools-for-STM32/bin/../lib/gcc/arm-none-eabi/12.3.1/../../../../arm-none-eabi/lib/thumb/v7-m/nofp/libc.a(libc_a-findfp.o)
 .bss.__sf      0x00000000      0x138 /opt/st/stm32cubeclt_1.15.1/GNU-tools-for-STM32/bin/../lib/gcc/arm-none-eabi/12.3.1/../../../../arm-none-eabi/lib/thumb/v7-m/nofp/libc.a(libc_a-findfp.o)
 .bss.__stdio_exit_handler
                0x00000000        0x4 /opt/st/stm32cubeclt_1.15.1/GNU-tools-for-STM32/bin/../lib/gcc/arm-none-eabi/12.3.1/../../../../arm-none-eabi/lib/thumb/v7-m/nofp/libc.a(libc_a-findfp.o)
 .debug_frame   0x00000000      0x144 /opt/st/stm32cubeclt_1.15.1/GNU-tools-for-STM32/bin/../lib/gcc/arm-none-eabi/12.3.1/../../../../arm-none-eabi/lib/thumb/v7-m/nofp/libc.a(libc_a-findfp.o)
 .ARM.attributes
                0x00000000       0x2d /opt/st/stm32cubeclt_1.15.1/GNU-tools-for-STM32/bin/../lib/gcc/arm-none-eabi/12.3.1/../../../../arm-none-eabi/lib/thumb/v7-m/nofp/libc.a(libc_a-findfp.o)
 .text          0x00000000        0x0 /opt/st/stm32cubeclt_1.15.1/GNU-tools-for-STM32/bin/../lib/gcc/arm-none-eabi/12.3.1/../../../../arm-none-eabi/lib/thumb/v7-m/nofp/libc.a(libc_a-fwalk.o)
 .data          0x00000000        0x0 /opt/st/stm32cubeclt_1.15.1/GNU-tools-for-STM32/bin/../lib/gcc/arm-none-eabi/12.3.1/../../../../arm-none-eabi/lib/thumb/v7-m/nofp/libc.a(libc_a-fwalk.o)
 .bss           0x00000000        0x0 /opt/st/stm32cubeclt_1.15.1/GNU-tools-for-STM32/bin/../lib/gcc/arm-none-eabi/12.3.1/../../../../arm-none-eabi/lib/thumb/v7-m/nofp/libc.a(libc_a-fwalk.o)
 .text._fwalk_sglue
                0x00000000       0x3c /opt/st/stm32cubeclt_1.15.1/GNU-tools-for-STM32/bin/../lib/gcc/arm-none-eabi/12.3.1/../../../../arm-none-eabi/lib/thumb/v7-m/nofp/libc.a(libc_a-fwalk.o)
 .debug_frame   0x00000000       0x34 /opt/st/stm32cubeclt_1.15.1/GNU-tools-for-STM32/bin/../lib/gcc/arm-none-eabi/12.3.1/../../../../arm-none-eabi/lib/thumb/v7-m/nofp/libc.a(libc_a-fwalk.o)
 .ARM.attributes
                0x00000000       0x2d /opt/st/stm32cubeclt_1.15.1/GNU-tools-for-STM32/bin/../lib/gcc/arm-none-eabi/12.3.1/../../../../arm-none-eabi/lib/thumb/v7-m/nofp/libc.a(libc_a-fwalk.o)
 .text          0x00000000        0x0 /opt/st/stm32cubeclt_1.15.1/GNU-tools-for-STM32/bin/../lib/gcc/arm-none-eabi/12.3.1/../../../../arm-none-eabi/lib/thumb/v7-m/nofp/libc.a(libc_a-stdio.o)
 .data          0x00000000        0x0 /opt/st/stm32cubeclt_1.15.1/GNU-tools-for-STM32/bin/../lib/gcc/arm-none-eabi/12.3.1/../../../../arm-none-eabi/lib/thumb/v7-m/nofp/libc.a(libc_a-stdio.o)
 .bss           0x00000000        0x0 /opt/st/stm32cubeclt_1.15.1/GNU-tools-for-STM32/bin/../lib/gcc/arm-none-eabi/12.3.1/../../../../arm-none-eabi/lib/thumb/v7-m/nofp/libc.a(libc_a-stdio.o)
 .text.__sread  0x00000000       0x22 /opt/st/stm32cubeclt_1.15.1/GNU-tools-for-STM32/bin/../lib/gcc/arm-none-eabi/12.3.1/../../../../arm-none-eabi/lib/thumb/v7-m/nofp/libc.a(libc_a-stdio.o)
 .text.__seofread
                0x00000000        0x4 /opt/st/stm32cubeclt_1.15.1/GNU-tools-for-STM32/bin/../lib/gcc/arm-none-eabi/12.3.1/../../../../arm-none-eabi/lib/thumb/v7-m/nofp/libc.a(libc_a-stdio.o)
 .text.__swrite
                0x00000000       0x38 /opt/st/stm32cubeclt_1.15.1/GNU-tools-for-STM32/bin/../lib/gcc/arm-none-eabi/12.3.1/../../../../arm-none-eabi/lib/thumb/v7-m/nofp/libc.a(libc_a-stdio.o)
 .text.__sseek  0x00000000       0x24 /opt/st/stm32cubeclt_1.15.1/GNU-tools-for-STM32/bin/../lib/gcc/arm-none-eabi/12.3.1/../../../../arm-none-eabi/lib/thumb/v7-m/nofp/libc.a(libc_a-stdio.o)
 .text.__sclose
                0x00000000        0x8 /opt/st/stm32cubeclt_1.15.1/GNU-tools-for-STM32/bin/../lib/gcc/arm-none-eabi/12.3.1/../../../../arm-none-eabi/lib/thumb/v7-m/nofp/libc.a(libc_a-stdio.o)
 .debug_frame   0x00000000       0x88 /opt/st/stm32cubeclt_1.15.1/GNU-tools-for-STM32/bin/../lib/gcc/arm-none-eabi/12.3.1/../../../../arm-none-eabi/lib/thumb/v7-m/nofp/libc.a(libc_a-stdio.o)
 .ARM.attributes
                0x00000000       0x2d /opt/st/stm32cubeclt_1.15.1/GNU-tools-for-STM32/bin/../lib/gcc/arm-none-eabi/12.3.1/../../../../arm-none-eabi/lib/thumb/v7-m/nofp/libc.a(libc_a-stdio.o)
 .text          0x00000000        0x0 /opt/st/stm32cubeclt_1.15.1/GNU-tools-for-STM32/bin/../lib/gcc/arm-none-eabi/12.3.1/../../../../arm-none-eabi/lib/thumb/v7-m/nofp/libc.a(libc_a-memset.o)
 .data          0x00000000        0x0 /opt/st/stm32cubeclt_1.15.1/GNU-tools-for-STM32/bin/../lib/gcc/arm-none-eabi/12.3.1/../../../../arm-none-eabi/lib/thumb/v7-m/nofp/libc.a(libc_a-memset.o)
 .bss           0x00000000        0x0 /opt/st/stm32cubeclt_1.15.1/GNU-tools-for-STM32/bin/../lib/gcc/arm-none-eabi/12.3.1/../../../../arm-none-eabi/lib/thumb/v7-m/nofp/libc.a(libc_a-memset.o)
 .text.memset   0x00000000       0x10 /opt/st/stm32cubeclt_1.15.1/GNU-tools-for-STM32/bin/../lib/gcc/arm-none-eabi/12.3.1/../../../../arm-none-eabi/lib/thumb/v7-m/nofp/libc.a(libc_a-memset.o)
 .debug_frame   0x00000000       0x20 /opt/st/stm32cubeclt_1.15.1/GNU-tools-for-STM32/bin/../lib/gcc/arm-none-eabi/12.3.1/../../../../arm-none-eabi/lib/thumb/v7-m/nofp/libc.a(libc_a-memset.o)
 .ARM.attributes
                0x00000000       0x2d /opt/st/stm32cubeclt_1.15.1/GNU-tools-for-STM32/bin/../lib/gcc/arm-none-eabi/12.3.1/../../../../arm-none-eabi/lib/thumb/v7-m/nofp/libc.a(libc_a-memset.o)
 .text          0x00000000        0x0 /opt/st/stm32cubeclt_1.15.1/GNU-tools-for-STM32/bin/../lib/gcc/arm-none-eabi/12.3.1/../../../../arm-none-eabi/lib/thumb/v7-m/nofp/libc.a(libc_a-closer.o)
 .data          0x00000000        0x0 /opt/st/stm32cubeclt_1.15.1/GNU-tools-for-STM32/bin/../lib/gcc/arm-none-eabi/12.3.1/../../../../arm-none-eabi/lib/thumb/v7-m/nofp/libc.a(libc_a-closer.o)
 .bss           0x00000000        0x0 /opt/st/stm32cubeclt_1.15.1/GNU-tools-for-STM32/bin/../lib/gcc/arm-none-eabi/12.3.1/../../../../arm-none-eabi/lib/thumb/v7-m/nofp/libc.a(libc_a-closer.o)
 .text._close_r
                0x00000000       0x20 /opt/st/stm32cubeclt_1.15.1/GNU-tools-for-STM32/bin/../lib/gcc/arm-none-eabi/12.3.1/../../../../arm-none-eabi/lib/thumb/v7-m/nofp/libc.a(libc_a-closer.o)
 .debug_frame   0x00000000       0x2c /opt/st/stm32cubeclt_1.15.1/GNU-tools-for-STM32/bin/../lib/gcc/arm-none-eabi/12.3.1/../../../../arm-none-eabi/lib/thumb/v7-m/nofp/libc.a(libc_a-closer.o)
 .ARM.attributes
                0x00000000       0x2d /opt/st/stm32cubeclt_1.15.1/GNU-tools-for-STM32/bin/../lib/gcc/arm-none-eabi/12.3.1/../../../../arm-none-eabi/lib/thumb/v7-m/nofp/libc.a(libc_a-closer.o)
 .text          0x00000000        0x0 /opt/st/stm32cubeclt_1.15.1/GNU-tools-for-STM32/bin/../lib/gcc/arm-none-eabi/12.3.1/../../../../arm-none-eabi/lib/thumb/v7-m/nofp/libc.a(libc_a-reent.o)
 .data          0x00000000        0x0 /opt/st/stm32cubeclt_1.15.1/GNU-tools-for-STM32/bin/../lib/gcc/arm-none-eabi/12.3.1/../../../../arm-none-eabi/lib/thumb/v7-m/nofp/libc.a(libc_a-reent.o)
 .bss           0x00000000        0x0 /opt/st/stm32cubeclt_1.15.1/GNU-tools-for-STM32/bin/../lib/gcc/arm-none-eabi/12.3.1/../../../../arm-none-eabi/lib/thumb/v7-m/nofp/libc.a(libc_a-reent.o)
 .text._reclaim_reent
                0x00000000       0x58 /opt/st/stm32cubeclt_1.15.1/GNU-tools-for-STM32/bin/../lib/gcc/arm-none-eabi/12.3.1/../../../../arm-none-eabi/lib/thumb/v7-m/nofp/libc.a(libc_a-reent.o)
 .bss.errno     0x00000000        0x4 /opt/st/stm32cubeclt_1.15.1/GNU-tools-for-STM32/bin/../lib/gcc/arm-none-eabi/12.3.1/../../../../arm-none-eabi/lib/thumb/v7-m/nofp/libc.a(libc_a-reent.o)
 .debug_frame   0x00000000       0x38 /opt/st/stm32cubeclt_1.15.1/GNU-tools-for-STM32/bin/../lib/gcc/arm-none-eabi/12.3.1/../../../../arm-none-eabi/lib/thumb/v7-m/nofp/libc.a(libc_a-reent.o)
 .ARM.attributes
                0x00000000       0x2d /opt/st/stm32cubeclt_1.15.1/GNU-tools-for-STM32/bin/../lib/gcc/arm-none-eabi/12.3.1/../../../../arm-none-eabi/lib/thumb/v7-m/nofp/libc.a(libc_a-reent.o)
 .text          0x00000000        0x0 /opt/st/stm32cubeclt_1.15.1/GNU-tools-for-STM32/bin/../lib/gcc/arm-none-eabi/12.3.1/../../../../arm-none-eabi/lib/thumb/v7-m/nofp/libc.a(libc_a-impure.o)
 .data          0x00000000        0x0 /opt/st/stm32cubeclt_1.15.1/GNU-tools-for-STM32/bin/../lib/gcc/arm-none-eabi/12.3.1/../../../../arm-none-eabi/lib/thumb/v7-m/nofp/libc.a(libc_a-impure.o)
 .bss           0x00000000        0x0 /opt/st/stm32cubeclt_1.15.1/GNU-tools-for-STM32/bin/../lib/gcc/arm-none-eabi/12.3.1/../../../../arm-none-eabi/lib/thumb/v7-m/nofp/libc.a(libc_a-impure.o)
 .data._impure_ptr
                0x00000000        0x4 /opt/st/stm32cubeclt_1.15.1/GNU-tools-for-STM32/bin/../lib/gcc/arm-none-eabi/12.3.1/../../../../arm-none-eabi/lib/thumb/v7-m/nofp/libc.a(libc_a-impure.o)
 .data._impure_data
                0x00000000      0x120 /opt/st/stm32cubeclt_1.15.1/GNU-tools-for-STM32/bin/../lib/gcc/arm-none-eabi/12.3.1/../../../../arm-none-eabi/lib/thumb/v7-m/nofp/libc.a(libc_a-impure.o)
 .ARM.attributes
                0x00000000       0x2d /opt/st/stm32cubeclt_1.15.1/GNU-tools-for-STM32/bin/../lib/gcc/arm-none-eabi/12.3.1/../../../../arm-none-eabi/lib/thumb/v7-m/nofp/libc.a(libc_a-impure.o)
 .text          0x00000000        0x0 /opt/st/stm32cubeclt_1.15.1/GNU-tools-for-STM32/bin/../lib/gcc/arm-none-eabi/12.3.1/../../../../arm-none-eabi/lib/thumb/v7-m/nofp/libc.a(libc_a-lseekr.o)
 .data          0x00000000        0x0 /opt/st/stm32cubeclt_1.15.1/GNU-tools-for-STM32/bin/../lib/gcc/arm-none-eabi/12.3.1/../../../../arm-none-eabi/lib/thumb/v7-m/nofp/libc.a(libc_a-lseekr.o)
 .bss           0x00000000        0x0 /opt/st/stm32cubeclt_1.15.1/GNU-tools-for-STM32/bin/../lib/gcc/arm-none-eabi/12.3.1/../../../../arm-none-eabi/lib/thumb/v7-m/nofp/libc.a(libc_a-lseekr.o)
 .text._lseek_r
                0x00000000       0x24 /opt/st/stm32cubeclt_1.15.1/GNU-tools-for-STM32/bin/../lib/gcc/arm-none-eabi/12.3.1/../../../../arm-none-eabi/lib/thumb/v7-m/nofp/libc.a(libc_a-lseekr.o)
 .debug_frame   0x00000000       0x2c /opt/st/stm32cubeclt_1.15.1/GNU-tools-for-STM32/bin/../lib/gcc/arm-none-eabi/12.3.1/../../../../arm-none-eabi/lib/thumb/v7-m/nofp/libc.a(libc_a-lseekr.o)
 .ARM.attributes
                0x00000000       0x2d /opt/st/stm32cubeclt_1.15.1/GNU-tools-for-STM32/bin/../lib/gcc/arm-none-eabi/12.3.1/../../../../arm-none-eabi/lib/thumb/v7-m/nofp/libc.a(libc_a-lseekr.o)
 .text          0x00000000        0x0 /opt/st/stm32cubeclt_1.15.1/GNU-tools-for-STM32/bin/../lib/gcc/arm-none-eabi/12.3.1/../../../../arm-none-eabi/lib/thumb/v7-m/nofp/libc.a(libc_a-readr.o)
 .data          0x00000000        0x0 /opt/st/stm32cubeclt_1.15.1/GNU-tools-for-STM32/bin/../lib/gcc/arm-none-eabi/12.3.1/../../../../arm-none-eabi/lib/thumb/v7-m/nofp/libc.a(libc_a-readr.o)
 .bss           0x00000000        0x0 /opt/st/stm32cubeclt_1.15.1/GNU-tools-for-STM32/bin/../lib/gcc/arm-none-eabi/12.3.1/../../../../arm-none-eabi/lib/thumb/v7-m/nofp/libc.a(libc_a-readr.o)
 .text._read_r  0x00000000       0x24 /opt/st/stm32cubeclt_1.15.1/GNU-tools-for-STM32/bin/../lib/gcc/arm-none-eabi/12.3.1/../../../../arm-none-eabi/lib/thumb/v7-m/nofp/libc.a(libc_a-readr.o)
 .debug_frame   0x00000000       0x2c /opt/st/stm32cubeclt_1.15.1/GNU-tools-for-STM32/bin/../lib/gcc/arm-none-eabi/12.3.1/../../../../arm-none-eabi/lib/thumb/v7-m/nofp/libc.a(libc_a-readr.o)
 .ARM.attributes
                0x00000000       0x2d /opt/st/stm32cubeclt_1.15.1/GNU-tools-for-STM32/bin/../lib/gcc/arm-none-eabi/12.3.1/../../../../arm-none-eabi/lib/thumb/v7-m/nofp/libc.a(libc_a-readr.o)
 .text          0x00000000        0x0 /opt/st/stm32cubeclt_1.15.1/GNU-tools-for-STM32/bin/../lib/gcc/arm-none-eabi/12.3.1/../../../../arm-none-eabi/lib/thumb/v7-m/nofp/libc.a(libc_a-writer.o)
 .data          0x00000000        0x0 /opt/st/stm32cubeclt_1.15.1/GNU-tools-for-STM32/bin/../lib/gcc/arm-none-eabi/12.3.1/../../../../arm-none-eabi/lib/thumb/v7-m/nofp/libc.a(libc_a-writer.o)
 .bss           0x00000000        0x0 /opt/st/stm32cubeclt_1.15.1/GNU-tools-for-STM32/bin/../lib/gcc/arm-none-eabi/12.3.1/../../../../arm-none-eabi/lib/thumb/v7-m/nofp/libc.a(libc_a-writer.o)
 .text._write_r
                0x00000000       0x24 /opt/st/stm32cubeclt_1.15.1/GNU-tools-for-STM32/bin/../lib/gcc/arm-none-eabi/12.3.1/../../../../arm-none-eabi/lib/thumb/v7-m/nofp/libc.a(libc_a-writer.o)
 .debug_frame   0x00000000       0x2c /opt/st/stm32cubeclt_1.15.1/GNU-tools-for-STM32/bin/../lib/gcc/arm-none-eabi/12.3.1/../../../../arm-none-eabi/lib/thumb/v7-m/nofp/libc.a(libc_a-writer.o)
 .ARM.attributes
                0x00000000       0x2d /opt/st/stm32cubeclt_1.15.1/GNU-tools-for-STM32/bin/../lib/gcc/arm-none-eabi/12.3.1/../../../../arm-none-eabi/lib/thumb/v7-m/nofp/libc.a(libc_a-writer.o)
 .text          0x00000000        0x0 /opt/st/stm32cubeclt_1.15.1/GNU-tools-for-STM32/bin/../lib/gcc/arm-none-eabi/12.3.1/../../../../arm-none-eabi/lib/thumb/v7-m/nofp/libc.a(libc_a-init.o)
 .data          0x00000000        0x0 /opt/st/stm32cubeclt_1.15.1/GNU-tools-for-STM32/bin/../lib/gcc/arm-none-eabi/12.3.1/../../../../arm-none-eabi/lib/thumb/v7-m/nofp/libc.a(libc_a-init.o)
 .bss           0x00000000        0x0 /opt/st/stm32cubeclt_1.15.1/GNU-tools-for-STM32/bin/../lib/gcc/arm-none-eabi/12.3.1/../../../../arm-none-eabi/lib/thumb/v7-m/nofp/libc.a(libc_a-init.o)
 .text          0x00000000        0x0 /opt/st/stm32cubeclt_1.15.1/GNU-tools-for-STM32/bin/../lib/gcc/arm-none-eabi/12.3.1/../../../../arm-none-eabi/lib/thumb/v7-m/nofp/libc.a(libc_a-lock.o)
 .data          0x00000000        0x0 /opt/st/stm32cubeclt_1.15.1/GNU-tools-for-STM32/bin/../lib/gcc/arm-none-eabi/12.3.1/../../../../arm-none-eabi/lib/thumb/v7-m/nofp/libc.a(libc_a-lock.o)
 .bss           0x00000000        0x0 /opt/st/stm32cubeclt_1.15.1/GNU-tools-for-STM32/bin/../lib/gcc/arm-none-eabi/12.3.1/../../../../arm-none-eabi/lib/thumb/v7-m/nofp/libc.a(libc_a-lock.o)
 .text.__retarget_lock_init
                0x00000000        0x2 /opt/st/stm32cubeclt_1.15.1/GNU-tools-for-STM32/bin/../lib/gcc/arm-none-eabi/12.3.1/../../../../arm-none-eabi/lib/thumb/v7-m/nofp/libc.a(libc_a-lock.o)
 .text.__retarget_lock_init_recursive
                0x00000000        0x2 /opt/st/stm32cubeclt_1.15.1/GNU-tools-for-STM32/bin/../lib/gcc/arm-none-eabi/12.3.1/../../../../arm-none-eabi/lib/thumb/v7-m/nofp/libc.a(libc_a-lock.o)
 .text.__retarget_lock_close
                0x00000000        0x2 /opt/st/stm32cubeclt_1.15.1/GNU-tools-for-STM32/bin/../lib/gcc/arm-none-eabi/12.3.1/../../../../arm-none-eabi/lib/thumb/v7-m/nofp/libc.a(libc_a-lock.o)
 .text.__retarget_lock_close_recursive
                0x00000000        0x2 /opt/st/stm32cubeclt_1.15.1/GNU-tools-for-STM32/bin/../lib/gcc/arm-none-eabi/12.3.1/../../../../arm-none-eabi/lib/thumb/v7-m/nofp/libc.a(libc_a-lock.o)
 .text.__retarget_lock_acquire
                0x00000000        0x2 /opt/st/stm32cubeclt_1.15.1/GNU-tools-for-STM32/bin/../lib/gcc/arm-none-eabi/12.3.1/../../../../arm-none-eabi/lib/thumb/v7-m/nofp/libc.a(libc_a-lock.o)
 .text.__retarget_lock_try_acquire
                0x00000000        0x4 /opt/st/stm32cubeclt_1.15.1/GNU-tools-for-STM32/bin/../lib/gcc/arm-none-eabi/12.3.1/../../../../arm-none-eabi/lib/thumb/v7-m/nofp/libc.a(libc_a-lock.o)
 .text.__retarget_lock_try_acquire_recursive
                0x00000000        0x4 /opt/st/stm32cubeclt_1.15.1/GNU-tools-for-STM32/bin/../lib/gcc/arm-none-eabi/12.3.1/../../../../arm-none-eabi/lib/thumb/v7-m/nofp/libc.a(libc_a-lock.o)
 .text.__retarget_lock_release
                0x00000000        0x2 /opt/st/stm32cubeclt_1.15.1/GNU-tools-for-STM32/bin/../lib/gcc/arm-none-eabi/12.3.1/../../../../arm-none-eabi/lib/thumb/v7-m/nofp/libc.a(libc_a-lock.o)
 .bss.__lock___arc4random_mutex
                0x00000000        0x1 /opt/st/stm32cubeclt_1.15.1/GNU-tools-for-STM32/bin/../lib/gcc/arm-none-eabi/12.3.1/../../../../arm-none-eabi/lib/thumb/v7-m/nofp/libc.a(libc_a-lock.o)
 .bss.__lock___dd_hash_mutex
                0x00000000        0x1 /opt/st/stm32cubeclt_1.15.1/GNU-tools-for-STM32/bin/../lib/gcc/arm-none-eabi/12.3.1/../../../../arm-none-eabi/lib/thumb/v7-m/nofp/libc.a(libc_a-lock.o)
 .bss.__lock___tz_mutex
                0x00000000        0x1 /opt/st/stm32cubeclt_1.15.1/GNU-tools-for-STM32/bin/../lib/gcc/arm-none-eabi/12.3.1/../../../../arm-none-eabi/lib/thumb/v7-m/nofp/libc.a(libc_a-lock.o)
 .bss.__lock___env_recursive_mutex
                0x00000000        0x1 /opt/st/stm32cubeclt_1.15.1/GNU-tools-for-STM32/bin/../lib/gcc/arm-none-eabi/12.3.1/../../../../arm-none-eabi/lib/thumb/v7-m/nofp/libc.a(libc_a-lock.o)
 .bss.__lock___malloc_recursive_mutex
                0x00000000        0x1 /opt/st/stm32cubeclt_1.15.1/GNU-tools-for-STM32/bin/../lib/gcc/arm-none-eabi/12.3.1/../../../../arm-none-eabi/lib/thumb/v7-m/nofp/libc.a(libc_a-lock.o)
 .bss.__lock___at_quick_exit_mutex
                0x00000000        0x1 /opt/st/stm32cubeclt_1.15.1/GNU-tools-for-STM32/bin/../lib/gcc/arm-none-eabi/12.3.1/../../../../arm-none-eabi/lib/thumb/v7-m/nofp/libc.a(libc_a-lock.o)
 .bss.__lock___sfp_recursive_mutex
                0x00000000        0x1 /opt/st/stm32cubeclt_1.15.1/GNU-tools-for-STM32/bin/../lib/gcc/arm-none-eabi/12.3.1/../../../../arm-none-eabi/lib/thumb/v7-m/nofp/libc.a(libc_a-lock.o)
 .text          0x00000000        0x0 /opt/st/stm32cubeclt_1.15.1/GNU-tools-for-STM32/bin/../lib/gcc/arm-none-eabi/12.3.1/../../../../arm-none-eabi/lib/thumb/v7-m/nofp/libc.a(libc_a-__call_atexit.o)
 .data          0x00000000        0x0 /opt/st/stm32cubeclt_1.15.1/GNU-tools-for-STM32/bin/../lib/gcc/arm-none-eabi/12.3.1/../../../../arm-none-eabi/lib/thumb/v7-m/nofp/libc.a(libc_a-__call_atexit.o)
 .bss           0x00000000        0x0 /opt/st/stm32cubeclt_1.15.1/GNU-tools-for-STM32/bin/../lib/gcc/arm-none-eabi/12.3.1/../../../../arm-none-eabi/lib/thumb/v7-m/nofp/libc.a(libc_a-__call_atexit.o)
 .text.__call_exitprocs
                0x00000000       0xac /opt/st/stm32cubeclt_1.15.1/GNU-tools-for-STM32/bin/../lib/gcc/arm-none-eabi/12.3.1/../../../../arm-none-eabi/lib/thumb/v7-m/nofp/libc.a(libc_a-__call_atexit.o)
 .text          0x00000000        0x0 /opt/st/stm32cubeclt_1.15.1/GNU-tools-for-STM32/bin/../lib/gcc/arm-none-eabi/12.3.1/../../../../arm-none-eabi/lib/thumb/v7-m/nofp/libc.a(libc_a-atexit.o)
 .data          0x00000000        0x0 /opt/st/stm32cubeclt_1.15.1/GNU-tools-for-STM32/bin/../lib/gcc/arm-none-eabi/12.3.1/../../../../arm-none-eabi/lib/thumb/v7-m/nofp/libc.a(libc_a-atexit.o)
 .bss           0x00000000        0x0 /opt/st/stm32cubeclt_1.15.1/GNU-tools-for-STM32/bin/../lib/gcc/arm-none-eabi/12.3.1/../../../../arm-none-eabi/lib/thumb/v7-m/nofp/libc.a(libc_a-atexit.o)
 .text          0x00000000        0x0 /opt/st/stm32cubeclt_1.15.1/GNU-tools-for-STM32/bin/../lib/gcc/arm-none-eabi/12.3.1/../../../../arm-none-eabi/lib/thumb/v7-m/nofp/libc.a(libc_a-freer.o)
 .data          0x00000000        0x0 /opt/st/stm32cubeclt_1.15.1/GNU-tools-for-STM32/bin/../lib/gcc/arm-none-eabi/12.3.1/../../../../arm-none-eabi/lib/thumb/v7-m/nofp/libc.a(libc_a-freer.o)
 .bss           0x00000000        0x0 /opt/st/stm32cubeclt_1.15.1/GNU-tools-for-STM32/bin/../lib/gcc/arm-none-eabi/12.3.1/../../../../arm-none-eabi/lib/thumb/v7-m/nofp/libc.a(libc_a-freer.o)
 .text._malloc_trim_r
                0x00000000       0xac /opt/st/stm32cubeclt_1.15.1/GNU-tools-for-STM32/bin/../lib/gcc/arm-none-eabi/12.3.1/../../../../arm-none-eabi/lib/thumb/v7-m/nofp/libc.a(libc_a-freer.o)
 .text._free_r  0x00000000      0x180 /opt/st/stm32cubeclt_1.15.1/GNU-tools-for-STM32/bin/../lib/gcc/arm-none-eabi/12.3.1/../../../../arm-none-eabi/lib/thumb/v7-m/nofp/libc.a(libc_a-freer.o)
 .debug_frame   0x00000000       0x60 /opt/st/stm32cubeclt_1.15.1/GNU-tools-for-STM32/bin/../lib/gcc/arm-none-eabi/12.3.1/../../../../arm-none-eabi/lib/thumb/v7-m/nofp/libc.a(libc_a-freer.o)
 .ARM.attributes
                0x00000000       0x2d /opt/st/stm32cubeclt_1.15.1/GNU-tools-for-STM32/bin/../lib/gcc/arm-none-eabi/12.3.1/../../../../arm-none-eabi/lib/thumb/v7-m/nofp/libc.a(libc_a-freer.o)
 .text          0x00000000        0x0 /opt/st/stm32cubeclt_1.15.1/GNU-tools-for-STM32/bin/../lib/gcc/arm-none-eabi/12.3.1/../../../../arm-none-eabi/lib/thumb/v7-m/nofp/libc.a(libc_a-mallocr.o)
 .data          0x00000000        0x0 /opt/st/stm32cubeclt_1.15.1/GNU-tools-for-STM32/bin/../lib/gcc/arm-none-eabi/12.3.1/../../../../arm-none-eabi/lib/thumb/v7-m/nofp/libc.a(libc_a-mallocr.o)
 .bss           0x00000000        0x0 /opt/st/stm32cubeclt_1.15.1/GNU-tools-for-STM32/bin/../lib/gcc/arm-none-eabi/12.3.1/../../../../arm-none-eabi/lib/thumb/v7-m/nofp/libc.a(libc_a-mallocr.o)
 .text._malloc_r
                0x00000000      0x474 /opt/st/stm32cubeclt_1.15.1/GNU-tools-for-STM32/bin/../lib/gcc/arm-none-eabi/12.3.1/../../../../arm-none-eabi/lib/thumb/v7-m/nofp/libc.a(libc_a-mallocr.o)
 .bss.__malloc_current_mallinfo
                0x00000000       0x28 /opt/st/stm32cubeclt_1.15.1/GNU-tools-for-STM32/bin/../lib/gcc/arm-none-eabi/12.3.1/../../../../arm-none-eabi/lib/thumb/v7-m/nofp/libc.a(libc_a-mallocr.o)
 .bss.__malloc_max_total_mem
                0x00000000        0x4 /opt/st/stm32cubeclt_1.15.1/GNU-tools-for-STM32/bin/../lib/gcc/arm-none-eabi/12.3.1/../../../../arm-none-eabi/lib/thumb/v7-m/nofp/libc.a(libc_a-mallocr.o)
 .bss.__malloc_max_sbrked_mem
                0x00000000        0x4 /opt/st/stm32cubeclt_1.15.1/GNU-tools-for-STM32/bin/../lib/gcc/arm-none-eabi/12.3.1/../../../../arm-none-eabi/lib/thumb/v7-m/nofp/libc.a(libc_a-mallocr.o)
 .data.__malloc_sbrk_base
                0x00000000        0x4 /opt/st/stm32cubeclt_1.15.1/GNU-tools-for-STM32/bin/../lib/gcc/arm-none-eabi/12.3.1/../../../../arm-none-eabi/lib/thumb/v7-m/nofp/libc.a(libc_a-mallocr.o)
 .bss.__malloc_top_pad
                0x00000000        0x4 /opt/st/stm32cubeclt_1.15.1/GNU-tools-for-STM32/bin/../lib/gcc/arm-none-eabi/12.3.1/../../../../arm-none-eabi/lib/thumb/v7-m/nofp/libc.a(libc_a-mallocr.o)
 .data.__malloc_trim_threshold
                0x00000000        0x4 /opt/st/stm32cubeclt_1.15.1/GNU-tools-for-STM32/bin/../lib/gcc/arm-none-eabi/12.3.1/../../../../arm-none-eabi/lib/thumb/v7-m/nofp/libc.a(libc_a-mallocr.o)
 .data.__malloc_av_
                0x00000000      0x408 /opt/st/stm32cubeclt_1.15.1/GNU-tools-for-STM32/bin/../lib/gcc/arm-none-eabi/12.3.1/../../../../arm-none-eabi/lib/thumb/v7-m/nofp/libc.a(libc_a-mallocr.o)
 .debug_frame   0x00000000       0x40 /opt/st/stm32cubeclt_1.15.1/GNU-tools-for-STM32/bin/../lib/gcc/arm-none-eabi/12.3.1/../../../../arm-none-eabi/lib/thumb/v7-m/nofp/libc.a(libc_a-mallocr.o)
 .ARM.attributes
                0x00000000       0x2d /opt/st/stm32cubeclt_1.15.1/GNU-tools-for-STM32/bin/../lib/gcc/arm-none-eabi/12.3.1/../../../../arm-none-eabi/lib/thumb/v7-m/nofp/libc.a(libc_a-mallocr.o)
 .text          0x00000000        0x0 /opt/st/stm32cubeclt_1.15.1/GNU-tools-for-STM32/bin/../lib/gcc/arm-none-eabi/12.3.1/../../../../arm-none-eabi/lib/thumb/v7-m/nofp/libc.a(libc_a-mlock.o)
 .data          0x00000000        0x0 /opt/st/stm32cubeclt_1.15.1/GNU-tools-for-STM32/bin/../lib/gcc/arm-none-eabi/12.3.1/../../../../arm-none-eabi/lib/thumb/v7-m/nofp/libc.a(libc_a-mlock.o)
 .bss           0x00000000        0x0 /opt/st/stm32cubeclt_1.15.1/GNU-tools-for-STM32/bin/../lib/gcc/arm-none-eabi/12.3.1/../../../../arm-none-eabi/lib/thumb/v7-m/nofp/libc.a(libc_a-mlock.o)
 .text.__malloc_lock
                0x00000000        0xc /opt/st/stm32cubeclt_1.15.1/GNU-tools-for-STM32/bin/../lib/gcc/arm-none-eabi/12.3.1/../../../../arm-none-eabi/lib/thumb/v7-m/nofp/libc.a(libc_a-mlock.o)
 .text.__malloc_unlock
                0x00000000        0xc /opt/st/stm32cubeclt_1.15.1/GNU-tools-for-STM32/bin/../lib/gcc/arm-none-eabi/12.3.1/../../../../arm-none-eabi/lib/thumb/v7-m/nofp/libc.a(libc_a-mlock.o)
 .debug_frame   0x00000000       0x30 /opt/st/stm32cubeclt_1.15.1/GNU-tools-for-STM32/bin/../lib/gcc/arm-none-eabi/12.3.1/../../../../arm-none-eabi/lib/thumb/v7-m/nofp/libc.a(libc_a-mlock.o)
 .ARM.attributes
                0x00000000       0x2d /opt/st/stm32cubeclt_1.15.1/GNU-tools-for-STM32/bin/../lib/gcc/arm-none-eabi/12.3.1/../../../../arm-none-eabi/lib/thumb/v7-m/nofp/libc.a(libc_a-mlock.o)
 .text          0x00000000        0x0 /opt/st/stm32cubeclt_1.15.1/GNU-tools-for-STM32/bin/../lib/gcc/arm-none-eabi/12.3.1/../../../../arm-none-eabi/lib/thumb/v7-m/nofp/libc.a(libc_a-fclose.o)
 .data          0x00000000        0x0 /opt/st/stm32cubeclt_1.15.1/GNU-tools-for-STM32/bin/../lib/gcc/arm-none-eabi/12.3.1/../../../../arm-none-eabi/lib/thumb/v7-m/nofp/libc.a(libc_a-fclose.o)
 .bss           0x00000000        0x0 /opt/st/stm32cubeclt_1.15.1/GNU-tools-for-STM32/bin/../lib/gcc/arm-none-eabi/12.3.1/../../../../arm-none-eabi/lib/thumb/v7-m/nofp/libc.a(libc_a-fclose.o)
 .text._fclose_r
                0x00000000       0xaa /opt/st/stm32cubeclt_1.15.1/GNU-tools-for-STM32/bin/../lib/gcc/arm-none-eabi/12.3.1/../../../../arm-none-eabi/lib/thumb/v7-m/nofp/libc.a(libc_a-fclose.o)
 .text.fclose   0x00000000       0x10 /opt/st/stm32cubeclt_1.15.1/GNU-tools-for-STM32/bin/../lib/gcc/arm-none-eabi/12.3.1/../../../../arm-none-eabi/lib/thumb/v7-m/nofp/libc.a(libc_a-fclose.o)
 .debug_frame   0x00000000       0x3c /opt/st/stm32cubeclt_1.15.1/GNU-tools-for-STM32/bin/../lib/gcc/arm-none-eabi/12.3.1/../../../../arm-none-eabi/lib/thumb/v7-m/nofp/libc.a(libc_a-fclose.o)
 .ARM.attributes
                0x00000000       0x2d /opt/st/stm32cubeclt_1.15.1/GNU-tools-for-STM32/bin/../lib/gcc/arm-none-eabi/12.3.1/../../../../arm-none-eabi/lib/thumb/v7-m/nofp/libc.a(libc_a-fclose.o)
 .text          0x00000000        0x0 /opt/st/stm32cubeclt_1.15.1/GNU-tools-for-STM32/bin/../lib/gcc/arm-none-eabi/12.3.1/../../../../arm-none-eabi/lib/thumb/v7-m/nofp/libc.a(libc_a-fflush.o)
 .data          0x00000000        0x0 /opt/st/stm32cubeclt_1.15.1/GNU-tools-for-STM32/bin/../lib/gcc/arm-none-eabi/12.3.1/../../../../arm-none-eabi/lib/thumb/v7-m/nofp/libc.a(libc_a-fflush.o)
 .bss           0x00000000        0x0 /opt/st/stm32cubeclt_1.15.1/GNU-tools-for-STM32/bin/../lib/gcc/arm-none-eabi/12.3.1/../../../../arm-none-eabi/lib/thumb/v7-m/nofp/libc.a(libc_a-fflush.o)
 .text.__sflush_r
                0x00000000      0x108 /opt/st/stm32cubeclt_1.15.1/GNU-tools-for-STM32/bin/../lib/gcc/arm-none-eabi/12.3.1/../../../../arm-none-eabi/lib/thumb/v7-m/nofp/libc.a(libc_a-fflush.o)
 .text._fflush_r
                0x00000000       0x4a /opt/st/stm32cubeclt_1.15.1/GNU-tools-for-STM32/bin/../lib/gcc/arm-none-eabi/12.3.1/../../../../arm-none-eabi/lib/thumb/v7-m/nofp/libc.a(libc_a-fflush.o)
 .text.fflush   0x00000000       0x28 /opt/st/stm32cubeclt_1.15.1/GNU-tools-for-STM32/bin/../lib/gcc/arm-none-eabi/12.3.1/../../../../arm-none-eabi/lib/thumb/v7-m/nofp/libc.a(libc_a-fflush.o)
 .debug_frame   0x00000000       0x5c /opt/st/stm32cubeclt_1.15.1/GNU-tools-for-STM32/bin/../lib/gcc/arm-none-eabi/12.3.1/../../../../arm-none-eabi/lib/thumb/v7-m/nofp/libc.a(libc_a-fflush.o)
 .ARM.attributes
                0x00000000       0x2d /opt/st/stm32cubeclt_1.15.1/GNU-tools-for-STM32/bin/../lib/gcc/arm-none-eabi/12.3.1/../../../../arm-none-eabi/lib/thumb/v7-m/nofp/libc.a(libc_a-fflush.o)
 .text          0x00000000        0x0 /opt/st/stm32cubeclt_1.15.1/GNU-tools-for-STM32/bin/../lib/gcc/arm-none-eabi/12.3.1/../../../../arm-none-eabi/lib/thumb/v7-m/nofp/libc.a(libc_a-sbrkr.o)
 .data          0x00000000        0x0 /opt/st/stm32cubeclt_1.15.1/GNU-tools-for-STM32/bin/../lib/gcc/arm-none-eabi/12.3.1/../../../../arm-none-eabi/lib/thumb/v7-m/nofp/libc.a(libc_a-sbrkr.o)
 .bss           0x00000000        0x0 /opt/st/stm32cubeclt_1.15.1/GNU-tools-for-STM32/bin/../lib/gcc/arm-none-eabi/12.3.1/../../../../arm-none-eabi/lib/thumb/v7-m/nofp/libc.a(libc_a-sbrkr.o)
 .text._sbrk_r  0x00000000       0x20 /opt/st/stm32cubeclt_1.15.1/GNU-tools-for-STM32/bin/../lib/gcc/arm-none-eabi/12.3.1/../../../../arm-none-eabi/lib/thumb/v7-m/nofp/libc.a(libc_a-sbrkr.o)
 .debug_frame   0x00000000       0x2c /opt/st/stm32cubeclt_1.15.1/GNU-tools-for-STM32/bin/../lib/gcc/arm-none-eabi/12.3.1/../../../../arm-none-eabi/lib/thumb/v7-m/nofp/libc.a(libc_a-sbrkr.o)
 .ARM.attributes
                0x00000000       0x2d /opt/st/stm32cubeclt_1.15.1/GNU-tools-for-STM32/bin/../lib/gcc/arm-none-eabi/12.3.1/../../../../arm-none-eabi/lib/thumb/v7-m/nofp/libc.a(libc_a-sbrkr.o)
 .text          0x00000000        0x0 /opt/st/stm32cubeclt_1.15.1/GNU-tools-for-STM32/bin/../lib/gcc/arm-none-eabi/12.3.1/../../../../arm-none-eabi/lib/thumb/v7-m/nofp/libc.a(libc_a-fini.o)
 .data          0x00000000        0x0 /opt/st/stm32cubeclt_1.15.1/GNU-tools-for-STM32/bin/../lib/gcc/arm-none-eabi/12.3.1/../../../../arm-none-eabi/lib/thumb/v7-m/nofp/libc.a(libc_a-fini.o)
 .bss           0x00000000        0x0 /opt/st/stm32cubeclt_1.15.1/GNU-tools-for-STM32/bin/../lib/gcc/arm-none-eabi/12.3.1/../../../../arm-none-eabi/lib/thumb/v7-m/nofp/libc.a(libc_a-fini.o)
 .text          0x00000000        0x0 /opt/st/stm32cubeclt_1.15.1/GNU-tools-for-STM32/bin/../lib/gcc/arm-none-eabi/12.3.1/../../../../arm-none-eabi/lib/thumb/v7-m/nofp/libc.a(libc_a-sysconf.o)
 .data          0x00000000        0x0 /opt/st/stm32cubeclt_1.15.1/GNU-tools-for-STM32/bin/../lib/gcc/arm-none-eabi/12.3.1/../../../../arm-none-eabi/lib/thumb/v7-m/nofp/libc.a(libc_a-sysconf.o)
 .bss           0x00000000        0x0 /opt/st/stm32cubeclt_1.15.1/GNU-tools-for-STM32/bin/../lib/gcc/arm-none-eabi/12.3.1/../../../../arm-none-eabi/lib/thumb/v7-m/nofp/libc.a(libc_a-sysconf.o)
 .text.sysconf  0x00000000       0x18 /opt/st/stm32cubeclt_1.15.1/GNU-tools-for-STM32/bin/../lib/gcc/arm-none-eabi/12.3.1/../../../../arm-none-eabi/lib/thumb/v7-m/nofp/libc.a(libc_a-sysconf.o)
 .debug_frame   0x00000000       0x28 /opt/st/stm32cubeclt_1.15.1/GNU-tools-for-STM32/bin/../lib/gcc/arm-none-eabi/12.3.1/../../../../arm-none-eabi/lib/thumb/v7-m/nofp/libc.a(libc_a-sysconf.o)
 .ARM.attributes
                0x00000000       0x2d /opt/st/stm32cubeclt_1.15.1/GNU-tools-for-STM32/bin/../lib/gcc/arm-none-eabi/12.3.1/../../../../arm-none-eabi/lib/thumb/v7-m/nofp/libc.a(libc_a-sysconf.o)
 .text          0x00000000        0x0 /opt/st/stm32cubeclt_1.15.1/GNU-tools-for-STM32/bin/../lib/gcc/arm-none-eabi/12.3.1/../../../../arm-none-eabi/lib/thumb/v7-m/nofp/libc.a(libc_a-__atexit.o)
 .data          0x00000000        0x0 /opt/st/stm32cubeclt_1.15.1/GNU-tools-for-STM32/bin/../lib/gcc/arm-none-eabi/12.3.1/../../../../arm-none-eabi/lib/thumb/v7-m/nofp/libc.a(libc_a-__atexit.o)
 .bss           0x00000000        0x0 /opt/st/stm32cubeclt_1.15.1/GNU-tools-for-STM32/bin/../lib/gcc/arm-none-eabi/12.3.1/../../../../arm-none-eabi/lib/thumb/v7-m/nofp/libc.a(libc_a-__atexit.o)
 .text          0x00000000        0x0 /opt/st/stm32cubeclt_1.15.1/GNU-tools-for-STM32/bin/../lib/gcc/arm-none-eabi/12.3.1/../../../../arm-none-eabi/lib/thumb/v7-m/nofp/libc.a(libc_a-errno.o)
 .data          0x00000000        0x0 /opt/st/stm32cubeclt_1.15.1/GNU-tools-for-STM32/bin/../lib/gcc/arm-none-eabi/12.3.1/../../../../arm-none-eabi/lib/thumb/v7-m/nofp/libc.a(libc_a-errno.o)
 .bss           0x00000000        0x0 /opt/st/stm32cubeclt_1.15.1/GNU-tools-for-STM32/bin/../lib/gcc/arm-none-eabi/12.3.1/../../../../arm-none-eabi/lib/thumb/v7-m/nofp/libc.a(libc_a-errno.o)
 .text.__errno  0x00000000        0xc /opt/st/stm32cubeclt_1.15.1/GNU-tools-for-STM32/bin/../lib/gcc/arm-none-eabi/12.3.1/../../../../arm-none-eabi/lib/thumb/v7-m/nofp/libc.a(libc_a-errno.o)
 .debug_frame   0x00000000       0x20 /opt/st/stm32cubeclt_1.15.1/GNU-tools-for-STM32/bin/../lib/gcc/arm-none-eabi/12.3.1/../../../../arm-none-eabi/lib/thumb/v7-m/nofp/libc.a(libc_a-errno.o)
 .ARM.attributes
                0x00000000       0x2d /opt/st/stm32cubeclt_1.15.1/GNU-tools-for-STM32/bin/../lib/gcc/arm-none-eabi/12.3.1/../../../../arm-none-eabi/lib/thumb/v7-m/nofp/libc.a(libc_a-errno.o)
 .group         0x00000000        0xc CMakeFiles/stm32f103c8t6-project.dir/Src/main.c.obj
 .group         0x00000000        0xc CMakeFiles/stm32f103c8t6-project.dir/Src/main.c.obj
 .group         0x00000000        0xc CMakeFiles/stm32f103c8t6-project.dir/Src/main.c.obj
 .group         0x00000000        0xc CMakeFiles/stm32f103c8t6-project.dir/Src/main.c.obj
 .group         0x00000000        0xc CMakeFiles/stm32f103c8t6-project.dir/Src/main.c.obj
 .group         0x00000000        0xc CMakeFiles/stm32f103c8t6-project.dir/Src/main.c.obj
 .group         0x00000000        0xc CMakeFiles/stm32f103c8t6-project.dir/Src/main.c.obj
 .text          0x00000000        0x0 CMakeFiles/stm32f103c8t6-project.dir/Src/main.c.obj
 .data          0x00000000        0x0 CMakeFiles/stm32f103c8t6-project.dir/Src/main.c.obj
 .bss           0x00000000        0x0 CMakeFiles/stm32f103c8t6-project.dir/Src/main.c.obj
 .group         0x00000000        0xc CMakeFiles/stm32f103c8t6-project.dir/Src/syscall.c.obj
 .group         0x00000000        0xc CMakeFiles/stm32f103c8t6-project.dir/Src/syscall.c.obj
 .group         0x00000000        0xc CMakeFiles/stm32f103c8t6-project.dir/Src/syscall.c.obj
 .group         0x00000000        0xc CMakeFiles/stm32f103c8t6-project.dir/Src/syscall.c.obj
 .group         0x00000000        0xc CMakeFiles/stm32f103c8t6-project.dir/Src/syscall.c.obj
 .group         0x00000000        0xc CMakeFiles/stm32f103c8t6-project.dir/Src/syscall.c.obj
 .group         0x00000000        0xc CMakeFiles/stm32f103c8t6-project.dir/Src/syscall.c.obj
 .group         0x00000000        0xc CMakeFiles/stm32f103c8t6-project.dir/Src/syscall.c.obj
 .group         0x00000000        0xc CMakeFiles/stm32f103c8t6-project.dir/Src/syscall.c.obj
 .group         0x00000000        0xc CMakeFiles/stm32f103c8t6-project.dir/Src/syscall.c.obj
 .group         0x00000000        0xc CMakeFiles/stm32f103c8t6-project.dir/Src/syscall.c.obj
 .group         0x00000000        0xc CMakeFiles/stm32f103c8t6-project.dir/Src/syscall.c.obj
 .group         0x00000000        0xc CMakeFiles/stm32f103c8t6-project.dir/Src/syscall.c.obj
 .group         0x00000000        0xc CMakeFiles/stm32f103c8t6-project.dir/Src/syscall.c.obj
 .group         0x00000000        0xc CMakeFiles/stm32f103c8t6-project.dir/Src/syscall.c.obj
 .group         0x00000000        0xc CMakeFiles/stm32f103c8t6-project.dir/Src/syscall.c.obj
 .group         0x00000000        0xc CMakeFiles/stm32f103c8t6-project.dir/Src/syscall.c.obj
 .group         0x00000000        0xc CMakeFiles/stm32f103c8t6-project.dir/Src/syscall.c.obj
 .group         0x00000000        0xc CMakeFiles/stm32f103c8t6-project.dir/Src/syscall.c.obj
 .group         0x00000000        0xc CMakeFiles/stm32f103c8t6-project.dir/Src/syscall.c.obj
 .group         0x00000000        0xc CMakeFiles/stm32f103c8t6-project.dir/Src/syscall.c.obj
 .group         0x00000000        0xc CMakeFiles/stm32f103c8t6-project.dir/Src/syscall.c.obj
 .group         0x00000000        0xc CMakeFiles/stm32f103c8t6-project.dir/Src/syscall.c.obj
 .group         0x00000000        0xc CMakeFiles/stm32f103c8t6-project.dir/Src/syscall.c.obj
 .group         0x00000000        0xc CMakeFiles/stm32f103c8t6-project.dir/Src/syscall.c.obj
 .group         0x00000000        0xc CMakeFiles/stm32f103c8t6-project.dir/Src/syscall.c.obj
 .group         0x00000000        0xc CMakeFiles/stm32f103c8t6-project.dir/Src/syscall.c.obj
 .group         0x00000000        0xc CMakeFiles/stm32f103c8t6-project.dir/Src/syscall.c.obj
 .group         0x00000000        0xc CMakeFiles/stm32f103c8t6-project.dir/Src/syscall.c.obj
 .group         0x00000000        0xc CMakeFiles/stm32f103c8t6-project.dir/Src/syscall.c.obj
 .group         0x00000000        0xc CMakeFiles/stm32f103c8t6-project.dir/Src/syscall.c.obj
 .group         0x00000000        0xc CMakeFiles/stm32f103c8t6-project.dir/Src/syscall.c.obj
 .group         0x00000000        0xc CMakeFiles/stm32f103c8t6-project.dir/Src/syscall.c.obj
 .group         0x00000000        0xc CMakeFiles/stm32f103c8t6-project.dir/Src/syscall.c.obj
 .group         0x00000000        0xc CMakeFiles/stm32f103c8t6-project.dir/Src/syscall.c.obj
 .group         0x00000000        0xc CMakeFiles/stm32f103c8t6-project.dir/Src/syscall.c.obj
 .group         0x00000000        0xc CMakeFiles/stm32f103c8t6-project.dir/Src/syscall.c.obj
 .group         0x00000000        0xc CMakeFiles/stm32f103c8t6-project.dir/Src/syscall.c.obj
 .group         0x00000000        0xc CMakeFiles/stm32f103c8t6-project.dir/Src/syscall.c.obj
 .group         0x00000000        0xc CMakeFiles/stm32f103c8t6-project.dir/Src/syscall.c.obj
 .group         0x00000000        0xc CMakeFiles/stm32f103c8t6-project.dir/Src/syscall.c.obj
 .group         0x00000000        0xc CMakeFiles/stm32f103c8t6-project.dir/Src/syscall.c.obj
 .group         0x00000000        0xc CMakeFiles/stm32f103c8t6-project.dir/Src/syscall.c.obj
 .group         0x00000000        0xc CMakeFiles/stm32f103c8t6-project.dir/Src/syscall.c.obj
 .group         0x00000000        0xc CMakeFiles/stm32f103c8t6-project.dir/Src/syscall.c.obj
 .group         0x00000000        0xc CMakeFiles/stm32f103c8t6-project.dir/Src/syscall.c.obj
 .group         0x00000000        0xc CMakeFiles/stm32f103c8t6-project.dir/Src/syscall.c.obj
 .text          0x00000000        0x0 CMakeFiles/stm32f103c8t6-project.dir/Src/syscall.c.obj
 .data          0x00000000        0x0 CMakeFiles/stm32f103c8t6-project.dir/Src/syscall.c.obj
 .bss           0x00000000        0x0 CMakeFiles/stm32f103c8t6-project.dir/Src/syscall.c.obj
 .text.initialise_monitor_handles
                0x00000000        0x2 CMakeFiles/stm32f103c8t6-project.dir/Src/syscall.c.obj
 .text._getpid  0x00000000        0x4 CMakeFiles/stm32f103c8t6-project.dir/Src/syscall.c.obj
 .text._kill    0x00000000       0x10 CMakeFiles/stm32f103c8t6-project.dir/Src/syscall.c.obj
 .text._exit    0x00000000        0xc CMakeFiles/stm32f103c8t6-project.dir/Src/syscall.c.obj
 .text._read    0x00000000       0x20 CMakeFiles/stm32f103c8t6-project.dir/Src/syscall.c.obj
 .text._write   0x00000000       0x1c CMakeFiles/stm32f103c8t6-project.dir/Src/syscall.c.obj
 .text._close   0x00000000        0x6 CMakeFiles/stm32f103c8t6-project.dir/Src/syscall.c.obj
 .text._fstat   0x00000000        0xa CMakeFiles/stm32f103c8t6-project.dir/Src/syscall.c.obj
 .text._isatty  0x00000000        0x4 CMakeFiles/stm32f103c8t6-project.dir/Src/syscall.c.obj
 .text._lseek   0x00000000        0x4 CMakeFiles/stm32f103c8t6-project.dir/Src/syscall.c.obj
 .text._open    0x00000000        0xa CMakeFiles/stm32f103c8t6-project.dir/Src/syscall.c.obj
 .text._wait    0x00000000       0x10 CMakeFiles/stm32f103c8t6-project.dir/Src/syscall.c.obj
 .text._unlink  0x00000000       0x10 CMakeFiles/stm32f103c8t6-project.dir/Src/syscall.c.obj
 .text._times   0x00000000        0x6 CMakeFiles/stm32f103c8t6-project.dir/Src/syscall.c.obj
 .text._stat    0x00000000        0xa CMakeFiles/stm32f103c8t6-project.dir/Src/syscall.c.obj
 .text._link    0x00000000       0x10 CMakeFiles/stm32f103c8t6-project.dir/Src/syscall.c.obj
 .text._fork    0x00000000       0x10 CMakeFiles/stm32f103c8t6-project.dir/Src/syscall.c.obj
 .text._execve  0x00000000       0x10 CMakeFiles/stm32f103c8t6-project.dir/Src/syscall.c.obj
 .data.environ  0x00000000        0x4 CMakeFiles/stm32f103c8t6-project.dir/Src/syscall.c.obj
 .bss.__env     0x00000000        0x4 CMakeFiles/stm32f103c8t6-project.dir/Src/syscall.c.obj
 .debug_info    0x00000000      0x787 CMakeFiles/stm32f103c8t6-project.dir/Src/syscall.c.obj
 .debug_abbrev  0x00000000      0x1c3 CMakeFiles/stm32f103c8t6-project.dir/Src/syscall.c.obj
 .debug_loclists
                0x00000000      0x25b CMakeFiles/stm32f103c8t6-project.dir/Src/syscall.c.obj
 .debug_aranges
                0x00000000       0xa8 CMakeFiles/stm32f103c8t6-project.dir/Src/syscall.c.obj
 .debug_rnglists
                0x00000000       0x79 CMakeFiles/stm32f103c8t6-project.dir/Src/syscall.c.obj
 .debug_macro   0x00000000      0x265 CMakeFiles/stm32f103c8t6-project.dir/Src/syscall.c.obj
 .debug_macro   0x00000000      0xa9c CMakeFiles/stm32f103c8t6-project.dir/Src/syscall.c.obj
 .debug_macro   0x00000000       0x22 CMakeFiles/stm32f103c8t6-project.dir/Src/syscall.c.obj
 .debug_macro   0x00000000       0x6e CMakeFiles/stm32f103c8t6-project.dir/Src/syscall.c.obj
 .debug_macro   0x00000000       0x24 CMakeFiles/stm32f103c8t6-project.dir/Src/syscall.c.obj
 .debug_macro   0x00000000       0x94 CMakeFiles/stm32f103c8t6-project.dir/Src/syscall.c.obj
 .debug_macro   0x00000000       0x3c CMakeFiles/stm32f103c8t6-project.dir/Src/syscall.c.obj
 .debug_macro   0x00000000       0x34 CMakeFiles/stm32f103c8t6-project.dir/Src/syscall.c.obj
 .debug_macro   0x00000000       0x57 CMakeFiles/stm32f103c8t6-project.dir/Src/syscall.c.obj
 .debug_macro   0x00000000      0x189 CMakeFiles/stm32f103c8t6-project.dir/Src/syscall.c.obj
 .debug_macro   0x00000000      0x369 CMakeFiles/stm32f103c8t6-project.dir/Src/syscall.c.obj
 .debug_macro   0x00000000       0x16 CMakeFiles/stm32f103c8t6-project.dir/Src/syscall.c.obj
 .debug_macro   0x00000000       0x43 CMakeFiles/stm32f103c8t6-project.dir/Src/syscall.c.obj
 .debug_macro   0x00000000       0x34 CMakeFiles/stm32f103c8t6-project.dir/Src/syscall.c.obj
 .debug_macro   0x00000000       0x10 CMakeFiles/stm32f103c8t6-project.dir/Src/syscall.c.obj
 .debug_macro   0x00000000       0x58 CMakeFiles/stm32f103c8t6-project.dir/Src/syscall.c.obj
 .debug_macro   0x00000000      0x1de CMakeFiles/stm32f103c8t6-project.dir/Src/syscall.c.obj
 .debug_macro   0x00000000       0x10 CMakeFiles/stm32f103c8t6-project.dir/Src/syscall.c.obj
 .debug_macro   0x00000000       0x35 CMakeFiles/stm32f103c8t6-project.dir/Src/syscall.c.obj
 .debug_macro   0x00000000       0x10 CMakeFiles/stm32f103c8t6-project.dir/Src/syscall.c.obj
 .debug_macro   0x00000000       0x10 CMakeFiles/stm32f103c8t6-project.dir/Src/syscall.c.obj
 .debug_macro   0x00000000       0x10 CMakeFiles/stm32f103c8t6-project.dir/Src/syscall.c.obj
 .debug_macro   0x00000000       0x6a CMakeFiles/stm32f103c8t6-project.dir/Src/syscall.c.obj
 .debug_macro   0x00000000       0x1c CMakeFiles/stm32f103c8t6-project.dir/Src/syscall.c.obj
 .debug_macro   0x00000000       0x52 CMakeFiles/stm32f103c8t6-project.dir/Src/syscall.c.obj
 .debug_macro   0x00000000       0x22 CMakeFiles/stm32f103c8t6-project.dir/Src/syscall.c.obj
 .debug_macro   0x00000000       0x10 CMakeFiles/stm32f103c8t6-project.dir/Src/syscall.c.obj
 .debug_macro   0x00000000       0x52 CMakeFiles/stm32f103c8t6-project.dir/Src/syscall.c.obj
 .debug_macro   0x00000000       0xcf CMakeFiles/stm32f103c8t6-project.dir/Src/syscall.c.obj
 .debug_macro   0x00000000       0x1c CMakeFiles/stm32f103c8t6-project.dir/Src/syscall.c.obj
 .debug_macro   0x00000000       0x3d CMakeFiles/stm32f103c8t6-project.dir/Src/syscall.c.obj
 .debug_macro   0x00000000       0x35 CMakeFiles/stm32f103c8t6-project.dir/Src/syscall.c.obj
 .debug_macro   0x00000000      0x12c CMakeFiles/stm32f103c8t6-project.dir/Src/syscall.c.obj
 .debug_macro   0x00000000       0x16 CMakeFiles/stm32f103c8t6-project.dir/Src/syscall.c.obj
 .debug_macro   0x00000000       0x16 CMakeFiles/stm32f103c8t6-project.dir/Src/syscall.c.obj
 .debug_macro   0x00000000       0x29 CMakeFiles/stm32f103c8t6-project.dir/Src/syscall.c.obj
 .debug_macro   0x00000000       0x10 CMakeFiles/stm32f103c8t6-project.dir/Src/syscall.c.obj
 .debug_macro   0x00000000      0x242 CMakeFiles/stm32f103c8t6-project.dir/Src/syscall.c.obj
 .debug_macro   0x00000000       0x1c CMakeFiles/stm32f103c8t6-project.dir/Src/syscall.c.obj
 .debug_macro   0x00000000       0x10 CMakeFiles/stm32f103c8t6-project.dir/Src/syscall.c.obj
 .debug_macro   0x00000000       0x10 CMakeFiles/stm32f103c8t6-project.dir/Src/syscall.c.obj
 .debug_macro   0x00000000       0x16 CMakeFiles/stm32f103c8t6-project.dir/Src/syscall.c.obj
 .debug_macro   0x00000000      0x170 CMakeFiles/stm32f103c8t6-project.dir/Src/syscall.c.obj
 .debug_macro   0x00000000      0x103 CMakeFiles/stm32f103c8t6-project.dir/Src/syscall.c.obj
 .debug_macro   0x00000000      0x1df CMakeFiles/stm32f103c8t6-project.dir/Src/syscall.c.obj
 .debug_macro   0x00000000      0x18a CMakeFiles/stm32f103c8t6-project.dir/Src/syscall.c.obj
 .debug_macro   0x00000000       0x16 CMakeFiles/stm32f103c8t6-project.dir/Src/syscall.c.obj
 .debug_macro   0x00000000       0xce CMakeFiles/stm32f103c8t6-project.dir/Src/syscall.c.obj
 .debug_line    0x00000000      0x676 CMakeFiles/stm32f103c8t6-project.dir/Src/syscall.c.obj
 .debug_str     0x00000000     0x9315 CMakeFiles/stm32f103c8t6-project.dir/Src/syscall.c.obj
 .comment       0x00000000       0x44 CMakeFiles/stm32f103c8t6-project.dir/Src/syscall.c.obj
 .debug_frame   0x00000000      0x190 CMakeFiles/stm32f103c8t6-project.dir/Src/syscall.c.obj
 .ARM.attributes
                0x00000000       0x2d CMakeFiles/stm32f103c8t6-project.dir/Src/syscall.c.obj
 .group         0x00000000        0xc CMakeFiles/stm32f103c8t6-project.dir/Src/sysmem.c.obj
 .group         0x00000000        0xc CMakeFiles/stm32f103c8t6-project.dir/Src/sysmem.c.obj
 .group         0x00000000        0xc CMakeFiles/stm32f103c8t6-project.dir/Src/sysmem.c.obj
 .group         0x00000000        0xc CMakeFiles/stm32f103c8t6-project.dir/Src/sysmem.c.obj
 .group         0x00000000        0xc CMakeFiles/stm32f103c8t6-project.dir/Src/sysmem.c.obj
 .group         0x00000000        0xc CMakeFiles/stm32f103c8t6-project.dir/Src/sysmem.c.obj
 .group         0x00000000        0xc CMakeFiles/stm32f103c8t6-project.dir/Src/sysmem.c.obj
 .group         0x00000000        0xc CMakeFiles/stm32f103c8t6-project.dir/Src/sysmem.c.obj
 .group         0x00000000        0xc CMakeFiles/stm32f103c8t6-project.dir/Src/sysmem.c.obj
 .group         0x00000000        0xc CMakeFiles/stm32f103c8t6-project.dir/Src/sysmem.c.obj
 .group         0x00000000        0xc CMakeFiles/stm32f103c8t6-project.dir/Src/sysmem.c.obj
 .group         0x00000000        0xc CMakeFiles/stm32f103c8t6-project.dir/Src/sysmem.c.obj
 .group         0x00000000        0xc CMakeFiles/stm32f103c8t6-project.dir/Src/sysmem.c.obj
 .group         0x00000000        0xc CMakeFiles/stm32f103c8t6-project.dir/Src/sysmem.c.obj
 .group         0x00000000        0xc CMakeFiles/stm32f103c8t6-project.dir/Src/sysmem.c.obj
 .group         0x00000000        0xc CMakeFiles/stm32f103c8t6-project.dir/Src/sysmem.c.obj
 .group         0x00000000        0xc CMakeFiles/stm32f103c8t6-project.dir/Src/sysmem.c.obj
 .group         0x00000000        0xc CMakeFiles/stm32f103c8t6-project.dir/Src/sysmem.c.obj
 .group         0x00000000        0xc CMakeFiles/stm32f103c8t6-project.dir/Src/sysmem.c.obj
 .group         0x00000000        0xc CMakeFiles/stm32f103c8t6-project.dir/Src/sysmem.c.obj
 .text          0x00000000        0x0 CMakeFiles/stm32f103c8t6-project.dir/Src/sysmem.c.obj
 .data          0x00000000        0x0 CMakeFiles/stm32f103c8t6-project.dir/Src/sysmem.c.obj
 .bss           0x00000000        0x0 CMakeFiles/stm32f103c8t6-project.dir/Src/sysmem.c.obj
 .text._sbrk    0x00000000       0x48 CMakeFiles/stm32f103c8t6-project.dir/Src/sysmem.c.obj
 .bss.__sbrk_heap_end
                0x00000000        0x4 CMakeFiles/stm32f103c8t6-project.dir/Src/sysmem.c.obj
 .debug_info    0x00000000      0x175 CMakeFiles/stm32f103c8t6-project.dir/Src/sysmem.c.obj
 .debug_abbrev  0x00000000       0xec CMakeFiles/stm32f103c8t6-project.dir/Src/sysmem.c.obj
 .debug_loclists
                0x00000000       0x46 CMakeFiles/stm32f103c8t6-project.dir/Src/sysmem.c.obj
 .debug_aranges
                0x00000000       0x20 CMakeFiles/stm32f103c8t6-project.dir/Src/sysmem.c.obj
 .debug_rnglists
                0x00000000       0x13 CMakeFiles/stm32f103c8t6-project.dir/Src/sysmem.c.obj
 .debug_macro   0x00000000       0xec CMakeFiles/stm32f103c8t6-project.dir/Src/sysmem.c.obj
 .debug_macro   0x00000000      0xa9c CMakeFiles/stm32f103c8t6-project.dir/Src/sysmem.c.obj
 .debug_macro   0x00000000       0x10 CMakeFiles/stm32f103c8t6-project.dir/Src/sysmem.c.obj
 .debug_macro   0x00000000       0x22 CMakeFiles/stm32f103c8t6-project.dir/Src/sysmem.c.obj
 .debug_macro   0x00000000       0x6e CMakeFiles/stm32f103c8t6-project.dir/Src/sysmem.c.obj
 .debug_macro   0x00000000       0x24 CMakeFiles/stm32f103c8t6-project.dir/Src/sysmem.c.obj
 .debug_macro   0x00000000       0x94 CMakeFiles/stm32f103c8t6-project.dir/Src/sysmem.c.obj
 .debug_macro   0x00000000       0x3c CMakeFiles/stm32f103c8t6-project.dir/Src/sysmem.c.obj
 .debug_macro   0x00000000       0x34 CMakeFiles/stm32f103c8t6-project.dir/Src/sysmem.c.obj
 .debug_macro   0x00000000      0x189 CMakeFiles/stm32f103c8t6-project.dir/Src/sysmem.c.obj
 .debug_macro   0x00000000       0x16 CMakeFiles/stm32f103c8t6-project.dir/Src/sysmem.c.obj
 .debug_macro   0x00000000       0x43 CMakeFiles/stm32f103c8t6-project.dir/Src/sysmem.c.obj
 .debug_macro   0x00000000       0x57 CMakeFiles/stm32f103c8t6-project.dir/Src/sysmem.c.obj
 .debug_macro   0x00000000       0x34 CMakeFiles/stm32f103c8t6-project.dir/Src/sysmem.c.obj
 .debug_macro   0x00000000       0x10 CMakeFiles/stm32f103c8t6-project.dir/Src/sysmem.c.obj
 .debug_macro   0x00000000       0x58 CMakeFiles/stm32f103c8t6-project.dir/Src/sysmem.c.obj
 .debug_macro   0x00000000      0x1de CMakeFiles/stm32f103c8t6-project.dir/Src/sysmem.c.obj
 .debug_macro   0x00000000      0x23c CMakeFiles/stm32f103c8t6-project.dir/Src/sysmem.c.obj
 .debug_macro   0x00000000      0x103 CMakeFiles/stm32f103c8t6-project.dir/Src/sysmem.c.obj
 .debug_macro   0x00000000       0x6a CMakeFiles/stm32f103c8t6-project.dir/Src/sysmem.c.obj
 .debug_macro   0x00000000      0x1df CMakeFiles/stm32f103c8t6-project.dir/Src/sysmem.c.obj
 .debug_line    0x00000000      0x2e8 CMakeFiles/stm32f103c8t6-project.dir/Src/sysmem.c.obj
 .debug_str     0x00000000     0x5a89 CMakeFiles/stm32f103c8t6-project.dir/Src/sysmem.c.obj
 .comment       0x00000000       0x44 CMakeFiles/stm32f103c8t6-project.dir/Src/sysmem.c.obj
 .debug_frame   0x00000000       0x28 CMakeFiles/stm32f103c8t6-project.dir/Src/sysmem.c.obj
 .ARM.attributes
                0x00000000       0x2d CMakeFiles/stm32f103c8t6-project.dir/Src/sysmem.c.obj
 .text          0x00000000       0x14 CMakeFiles/stm32f103c8t6-project.dir/Startup/startup_stm32f103c8tx.s.obj
 .data          0x00000000        0x0 CMakeFiles/stm32f103c8t6-project.dir/Startup/startup_stm32f103c8tx.s.obj
 .bss           0x00000000        0x0 CMakeFiles/stm32f103c8t6-project.dir/Startup/startup_stm32f103c8tx.s.obj
 .text          0x00000000        0x0 /opt/st/stm32cubeclt_1.15.1/GNU-tools-for-STM32/bin/../lib/gcc/arm-none-eabi/12.3.1/thumb/v7-m/nofp/crtend.o
 .data          0x00000000        0x0 /opt/st/stm32cubeclt_1.15.1/GNU-tools-for-STM32/bin/../lib/gcc/arm-none-eabi/12.3.1/thumb/v7-m/nofp/crtend.o
 .bss           0x00000000        0x0 /opt/st/stm32cubeclt_1.15.1/GNU-tools-for-STM32/bin/../lib/gcc/arm-none-eabi/12.3.1/thumb/v7-m/nofp/crtend.o
 .rodata        0x00000000       0x24 /opt/st/stm32cubeclt_1.15.1/GNU-tools-for-STM32/bin/../lib/gcc/arm-none-eabi/12.3.1/thumb/v7-m/nofp/crtend.o
 .eh_frame      0x00000000        0x4 /opt/st/stm32cubeclt_1.15.1/GNU-tools-for-STM32/bin/../lib/gcc/arm-none-eabi/12.3.1/thumb/v7-m/nofp/crtend.o
 .ARM.attributes
                0x00000000       0x2d /opt/st/stm32cubeclt_1.15.1/GNU-tools-for-STM32/bin/../lib/gcc/arm-none-eabi/12.3.1/thumb/v7-m/nofp/crtend.o
 .text          0x00000000        0x0 /opt/st/stm32cubeclt_1.15.1/GNU-tools-for-STM32/bin/../lib/gcc/arm-none-eabi/12.3.1/thumb/v7-m/nofp/crtn.o
 .data          0x00000000        0x0 /opt/st/stm32cubeclt_1.15.1/GNU-tools-for-STM32/bin/../lib/gcc/arm-none-eabi/12.3.1/thumb/v7-m/nofp/crtn.o
 .bss           0x00000000        0x0 /opt/st/stm32cubeclt_1.15.1/GNU-tools-for-STM32/bin/../lib/gcc/arm-none-eabi/12.3.1/thumb/v7-m/nofp/crtn.o

Memory Configuration

Name             Origin             Length             Attributes
RAM              0x20000000         0x00005000         xrw
FLASH            0x08000000         0x00010000         xr
*default*        0x00000000         0xffffffff

Linker script and memory map

LOAD /opt/st/stm32cubeclt_1.15.1/GNU-tools-for-STM32/bin/../lib/gcc/arm-none-eabi/12.3.1/thumb/v7-m/nofp/crti.o
LOAD /opt/st/stm32cubeclt_1.15.1/GNU-tools-for-STM32/bin/../lib/gcc/arm-none-eabi/12.3.1/thumb/v7-m/nofp/crtbegin.o
LOAD /opt/st/stm32cubeclt_1.15.1/GNU-tools-for-STM32/bin/../lib/gcc/arm-none-eabi/12.3.1/../../../../arm-none-eabi/lib/thumb/v7-m/nofp/crt0.o
START GROUP
LOAD /opt/st/stm32cubeclt_1.15.1/GNU-tools-for-STM32/bin/../lib/gcc/arm-none-eabi/12.3.1/../../../../arm-none-eabi/lib/thumb/v7-m/nofp/libc.a
LOAD /opt/st/stm32cubeclt_1.15.1/GNU-tools-for-STM32/bin/../lib/gcc/arm-none-eabi/12.3.1/../../../../arm-none-eabi/lib/thumb/v7-m/nofp/libm.a
LOAD /opt/st/stm32cubeclt_1.15.1/GNU-tools-for-STM32/bin/../lib/gcc/arm-none-eabi/12.3.1/../../../../arm-none-eabi/lib/thumb/v7-m/nofp/libstdc++.a
LOAD /opt/st/stm32cubeclt_1.15.1/GNU-tools-for-STM32/bin/../lib/gcc/arm-none-eabi/12.3.1/../../../../arm-none-eabi/lib/thumb/v7-m/nofp/libsupc++.a
END GROUP
LOAD CMakeFiles/stm32f103c8t6-project.dir/Src/main.c.obj
LOAD CMakeFiles/stm32f103c8t6-project.dir/Src/syscall.c.obj
LOAD CMakeFiles/stm32f103c8t6-project.dir/Src/sysmem.c.obj
LOAD CMakeFiles/stm32f103c8t6-project.dir/Startup/startup_stm32f103c8tx.s.obj
START GROUP
LOAD /opt/st/stm32cubeclt_1.15.1/GNU-tools-for-STM32/bin/../lib/gcc/arm-none-eabi/12.3.1/thumb/v7-m/nofp/libgcc.a
LOAD /opt/st/stm32cubeclt_1.15.1/GNU-tools-for-STM32/bin/../lib/gcc/arm-none-eabi/12.3.1/../../../../arm-none-eabi/lib/thumb/v7-m/nofp/libc.a
END GROUP
START GROUP
LOAD /opt/st/stm32cubeclt_1.15.1/GNU-tools-for-STM32/bin/../lib/gcc/arm-none-eabi/12.3.1/thumb/v7-m/nofp/libgcc.a
LOAD /opt/st/stm32cubeclt_1.15.1/GNU-tools-for-STM32/bin/../lib/gcc/arm-none-eabi/12.3.1/../../../../arm-none-eabi/lib/thumb/v7-m/nofp/libc.a
LOAD /opt/st/stm32cubeclt_1.15.1/GNU-tools-for-STM32/bin/../lib/gcc/arm-none-eabi/12.3.1/../../../../arm-none-eabi/lib/thumb/v7-m/nofp/libnosys.a
END GROUP
LOAD /opt/st/stm32cubeclt_1.15.1/GNU-tools-for-STM32/bin/../lib/gcc/arm-none-eabi/12.3.1/thumb/v7-m/nofp/crtend.o
LOAD /opt/st/stm32cubeclt_1.15.1/GNU-tools-for-STM32/bin/../lib/gcc/arm-none-eabi/12.3.1/thumb/v7-m/nofp/crtn.o
                0x20005000                        _estack = (ORIGIN (RAM) + LENGTH (RAM))
                0x00000200                        _Min_Heap_Size = 0x200
                0x00000400                        _Min_Stack_Size = 0x400

.isr_vector     0x08000000      0x130
                0x08000000                        . = ALIGN (0x4)
 *(.isr_vector)
 .isr_vector    0x08000000      0x130 CMakeFiles/stm32f103c8t6-project.dir/Startup/startup_stm32f103c8tx.s.obj
                0x08000000                g_pfnVectors
                0x08000130                        . = ALIGN (0x4)

.text           0x08000130      0x1c4
                0x08000130                        . = ALIGN (0x4)
 *(.text)
 .text          0x08000130       0x40 /opt/st/stm32cubeclt_1.15.1/GNU-tools-for-STM32/bin/../lib/gcc/arm-none-eabi/12.3.1/thumb/v7-m/nofp/crtbegin.o
 *(.text*)
 .text.__libc_init_array
                0x08000170       0x48 /opt/st/stm32cubeclt_1.15.1/GNU-tools-for-STM32/bin/../lib/gcc/arm-none-eabi/12.3.1/../../../../arm-none-eabi/lib/thumb/v7-m/nofp/libc.a(libc_a-init.o)
                0x08000170                __libc_init_array
 .text.__retarget_lock_acquire_recursive
                0x080001b8        0x2 /opt/st/stm32cubeclt_1.15.1/GNU-tools-for-STM32/bin/../lib/gcc/arm-none-eabi/12.3.1/../../../../arm-none-eabi/lib/thumb/v7-m/nofp/libc.a(libc_a-lock.o)
                0x080001b8                __retarget_lock_acquire_recursive
 .text.__retarget_lock_release_recursive
                0x080001ba        0x2 /opt/st/stm32cubeclt_1.15.1/GNU-tools-for-STM32/bin/../lib/gcc/arm-none-eabi/12.3.1/../../../../arm-none-eabi/lib/thumb/v7-m/nofp/libc.a(libc_a-lock.o)
                0x080001ba                __retarget_lock_release_recursive
 .text.startup.register_fini
                0x080001bc       0x14 /opt/st/stm32cubeclt_1.15.1/GNU-tools-for-STM32/bin/../lib/gcc/arm-none-eabi/12.3.1/../../../../arm-none-eabi/lib/thumb/v7-m/nofp/libc.a(libc_a-__call_atexit.o)
 .text.atexit   0x080001d0        0xc /opt/st/stm32cubeclt_1.15.1/GNU-tools-for-STM32/bin/../lib/gcc/arm-none-eabi/12.3.1/../../../../arm-none-eabi/lib/thumb/v7-m/nofp/libc.a(libc_a-atexit.o)
                0x080001d0                atexit
 .text.__libc_fini_array
                0x080001dc       0x28 /opt/st/stm32cubeclt_1.15.1/GNU-tools-for-STM32/bin/../lib/gcc/arm-none-eabi/12.3.1/../../../../arm-none-eabi/lib/thumb/v7-m/nofp/libc.a(libc_a-fini.o)
                0x080001dc                __libc_fini_array
 .text.__register_exitproc
                0x08000204       0x80 /opt/st/stm32cubeclt_1.15.1/GNU-tools-for-STM32/bin/../lib/gcc/arm-none-eabi/12.3.1/../../../../arm-none-eabi/lib/thumb/v7-m/nofp/libc.a(libc_a-__atexit.o)
                0x08000204                __register_exitproc
 .text.main     0x08000284        0x2 CMakeFiles/stm32f103c8t6-project.dir/Src/main.c.obj
                0x08000284                main
 *fill*         0x08000286        0x2 
 .text.Reset_Handler
                0x08000288       0x50 CMakeFiles/stm32f103c8t6-project.dir/Startup/startup_stm32f103c8tx.s.obj
                0x08000288                Reset_Handler
 .text.Default_Handler
                0x080002d8        0x2 CMakeFiles/stm32f103c8t6-project.dir/Startup/startup_stm32f103c8tx.s.obj
                0x080002d8                EXTI2_IRQHandler
                0x080002d8                TIM8_TRG_COM_IRQHandler
                0x080002d8                TIM8_CC_IRQHandler
                0x080002d8                TIM1_CC_IRQHandler
                0x080002d8                HardFault_Handler
                0x080002d8                TIM6_IRQHandler
                0x080002d8                SysTick_Handler
                0x080002d8                PVD_IRQHandler
                0x080002d8                SDIO_IRQHandler
                0x080002d8                PendSV_Handler
                0x080002d8                NMI_Handler
                0x080002d8                EXTI3_IRQHandler
                0x080002d8                USB_HP_CAN_TX_IRQHandler
                0x080002d8                EXTI0_IRQHandler
                0x080002d8                I2C2_EV_IRQHandler
                0x080002d8                ADC1_2_IRQHandler
                0x080002d8                SPI1_IRQHandler
                0x080002d8                CAN_SCE_IRQHandler
                0x080002d8                TAMPER_IRQHandler
                0x080002d8                TIM8_UP_IRQHandler
                0x080002d8                DMA2_Channel2_IRQHandler
                0x080002d8                DMA1_Channel4_IRQHandler
                0x080002d8                USART3_IRQHandler
                0x080002d8                RTC_IRQHandler
                0x080002d8                DMA1_Channel7_IRQHandler
                0x080002d8                UART5_IRQHandler
                0x080002d8                ADC3_IRQHandler
                0x080002d8                TIM4_IRQHandler
                0x080002d8                CAN_RX1_IRQHandler
                0x080002d8                DMA2_Channel1_IRQHandler
                0x080002d8                I2C1_EV_IRQHandler
                0x080002d8                DMA1_Channel6_IRQHandler
                0x080002d8                UART4_IRQHandler
                0x080002d8                TIM3_IRQHandler
                0x080002d8                RCC_IRQHandler
                0x080002d8                TIM1_TRG_COM_IRQHandler
                0x080002d8                DMA1_Channel1_IRQHandler
                0x080002d8                Default_Handler
                0x080002d8                EXTI15_10_IRQHandler
                0x080002d8                TIM7_IRQHandler
                0x080002d8                TIM5_IRQHandler
                0x080002d8                EXTI9_5_IRQHandler
                0x080002d8                SPI2_IRQHandler
                0x080002d8                USB_LP_CAN_RX0_IRQHandler
                0x080002d8                SVC_Handler
                0x080002d8                DMA1_Channel5_IRQHandler
                0x080002d8                EXTI4_IRQHandler
                0x080002d8                DMA1_Channel3_IRQHandler
                0x080002d8                FSMC_IRQHandler
                0x080002d8                TIM1_UP_IRQHandler
                0x080002d8                WWDG_IRQHandler
                0x080002d8                TIM2_IRQHandler
                0x080002d8                TIM1_BRK_IRQHandler
                0x080002d8                EXTI1_IRQHandler
                0x080002d8                RTCAlarm_IRQHandler
                0x080002d8                DMA2_Channel4_5_IRQHandler
                0x080002d8                USART2_IRQHandler
                0x080002d8                I2C2_ER_IRQHandler
                0x080002d8                DMA1_Channel2_IRQHandler
                0x080002d8                TIM8_BRK_IRQHandler
                0x080002d8                FLASH_IRQHandler
                0x080002d8                USART1_IRQHandler
                0x080002d8                SPI3_IRQHandler
                0x080002d8                I2C1_ER_IRQHandler
                0x080002d8                DMA2_Channel3_IRQHandler
 *(.glue_7)
 .glue_7        0x080002da        0x0 linker stubs
 *(.glue_7t)
 .glue_7t       0x080002da        0x0 linker stubs
 *(.eh_frame)
 *fill*         0x080002da        0x2 
 .eh_frame      0x080002dc        0x0 /opt/st/stm32cubeclt_1.15.1/GNU-tools-for-STM32/bin/../lib/gcc/arm-none-eabi/12.3.1/thumb/v7-m/nofp/crtbegin.o
 *(.init)
 .init          0x080002dc        0x4 /opt/st/stm32cubeclt_1.15.1/GNU-tools-for-STM32/bin/../lib/gcc/arm-none-eabi/12.3.1/thumb/v7-m/nofp/crti.o
                0x080002dc                _init
 .init          0x080002e0        0x8 /opt/st/stm32cubeclt_1.15.1/GNU-tools-for-STM32/bin/../lib/gcc/arm-none-eabi/12.3.1/thumb/v7-m/nofp/crtn.o
 *(.fini)
 .fini          0x080002e8        0x4 /opt/st/stm32cubeclt_1.15.1/GNU-tools-for-STM32/bin/../lib/gcc/arm-none-eabi/12.3.1/thumb/v7-m/nofp/crti.o
                0x080002e8                _fini
 .fini          0x080002ec        0x8 /opt/st/stm32cubeclt_1.15.1/GNU-tools-for-STM32/bin/../lib/gcc/arm-none-eabi/12.3.1/thumb/v7-m/nofp/crtn.o
                0x080002f4                        . = ALIGN (0x4)
                0x080002f4                        _etext = .

.vfp11_veneer   0x080002f4        0x0
 .vfp11_veneer  0x080002f4        0x0 linker stubs

.v4_bx          0x080002f4        0x0
 .v4_bx         0x080002f4        0x0 linker stubs

.iplt           0x080002f4        0x0
 .iplt          0x080002f4        0x0 /opt/st/stm32cubeclt_1.15.1/GNU-tools-for-STM32/bin/../lib/gcc/arm-none-eabi/12.3.1/thumb/v7-m/nofp/crtbegin.o

.rodata         0x080002f4        0x0
                0x080002f4                        . = ALIGN (0x4)
 *(.rodata)
 *(.rodata*)
                0x080002f4                        . = ALIGN (0x4)

.ARM.extab      0x080002f4        0x0
                0x080002f4                        . = ALIGN (0x4)
 *(.ARM.extab* .gnu.linkonce.armextab.*)
                0x080002f4                        . = ALIGN (0x4)

.ARM            0x080002f4        0x0
                0x080002f4                        . = ALIGN (0x4)
                0x080002f4                        __exidx_start = .
 *(.ARM.exidx*)
                0x080002f4                        __exidx_end = .
                0x080002f4                        . = ALIGN (0x4)

.preinit_array  0x080002f4        0x0
                0x080002f4                        . = ALIGN (0x4)
                0x080002f4                        PROVIDE (__preinit_array_start = .)
 *(.preinit_array*)
                0x080002f4                        PROVIDE (__preinit_array_end = .)
                0x080002f4                        . = ALIGN (0x4)

.init_array     0x080002f4        0x8
                0x080002f4                        . = ALIGN (0x4)
                0x080002f4                        PROVIDE (__init_array_start = .)
 *(SORT_BY_NAME(.init_array.*))
 .init_array.00000
                0x080002f4        0x4 /opt/st/stm32cubeclt_1.15.1/GNU-tools-for-STM32/bin/../lib/gcc/arm-none-eabi/12.3.1/../../../../arm-none-eabi/lib/thumb/v7-m/nofp/libc.a(libc_a-__call_atexit.o)
 *(.init_array*)
 .init_array    0x080002f8        0x4 /opt/st/stm32cubeclt_1.15.1/GNU-tools-for-STM32/bin/../lib/gcc/arm-none-eabi/12.3.1/thumb/v7-m/nofp/crtbegin.o
                0x080002fc                        PROVIDE (__init_array_end = .)
                0x080002fc                        . = ALIGN (0x4)

.fini_array     0x080002fc        0x4
                0x080002fc                        . = ALIGN (0x4)
                0x080002fc                        PROVIDE (__fini_array_start = .)
 *(SORT_BY_NAME(.fini_array.*))
 *(.fini_array*)
 .fini_array    0x080002fc        0x4 /opt/st/stm32cubeclt_1.15.1/GNU-tools-for-STM32/bin/../lib/gcc/arm-none-eabi/12.3.1/thumb/v7-m/nofp/crtbegin.o
                0x08000300                        PROVIDE (__fini_array_end = .)
                0x08000300                        . = ALIGN (0x4)
                0x08000300                        _sidata = LOADADDR (.data)

.rel.dyn        0x08000300        0x0
 .rel.iplt      0x08000300        0x0 /opt/st/stm32cubeclt_1.15.1/GNU-tools-for-STM32/bin/../lib/gcc/arm-none-eabi/12.3.1/thumb/v7-m/nofp/crtbegin.o

.data           0x20000000        0x4 load address 0x08000300
                0x20000000                        . = ALIGN (0x4)
                0x20000000                        _sdata = .
 *(.data)
 *(.data*)
 .data.__atexit_recursive_mutex
                0x20000000        0x4 /opt/st/stm32cubeclt_1.15.1/GNU-tools-for-STM32/bin/../lib/gcc/arm-none-eabi/12.3.1/../../../../arm-none-eabi/lib/thumb/v7-m/nofp/libc.a(libc_a-__call_atexit.o)
                0x20000000                __atexit_recursive_mutex
 *(.RamFunc)
 *(.RamFunc*)
                0x20000004                        . = ALIGN (0x4)
                0x20000004                        _edata = .

.igot.plt       0x20000004        0x0 load address 0x08000304
 .igot.plt      0x20000004        0x0 /opt/st/stm32cubeclt_1.15.1/GNU-tools-for-STM32/bin/../lib/gcc/arm-none-eabi/12.3.1/thumb/v7-m/nofp/crtbegin.o
                0x20000004                        . = ALIGN (0x4)

.bss            0x20000004      0x1b4 load address 0x08000304
                0x20000004                        _sbss = .
                0x20000004                        __bss_start__ = _sbss
 *(.bss)
 .bss           0x20000004       0x1c /opt/st/stm32cubeclt_1.15.1/GNU-tools-for-STM32/bin/../lib/gcc/arm-none-eabi/12.3.1/thumb/v7-m/nofp/crtbegin.o
 *(.bss*)
 .bss.__lock___atexit_recursive_mutex
                0x20000020        0x1 /opt/st/stm32cubeclt_1.15.1/GNU-tools-for-STM32/bin/../lib/gcc/arm-none-eabi/12.3.1/../../../../arm-none-eabi/lib/thumb/v7-m/nofp/libc.a(libc_a-lock.o)
                0x20000020                __lock___atexit_recursive_mutex
 *fill*         0x20000021        0x3 
 .bss.__atexit  0x20000024        0x4 /opt/st/stm32cubeclt_1.15.1/GNU-tools-for-STM32/bin/../lib/gcc/arm-none-eabi/12.3.1/../../../../arm-none-eabi/lib/thumb/v7-m/nofp/libc.a(libc_a-__call_atexit.o)
                0x20000024                __atexit
 .bss.__atexit0
                0x20000028      0x190 /opt/st/stm32cubeclt_1.15.1/GNU-tools-for-STM32/bin/../lib/gcc/arm-none-eabi/12.3.1/../../../../arm-none-eabi/lib/thumb/v7-m/nofp/libc.a(libc_a-__atexit.o)
                0x20000028                __atexit0
 *(COMMON)
                0x200001b8                        . = ALIGN (0x4)
                0x200001b8                        _ebss = .
                0x200001b8                        __bss_end__ = _ebss

._user_heap_stack
                0x200001b8      0x600 load address 0x08000304
                0x200001b8                        . = ALIGN (0x8)
                [!provide]                        PROVIDE (end = .)
                0x200001b8                        PROVIDE (_end = .)
                0x200003b8                        . = (. + _Min_Heap_Size)
 *fill*         0x200001b8      0x200 
                0x200007b8                        . = (. + _Min_Stack_Size)
 *fill*         0x200003b8      0x400 
                0x200007b8                        . = ALIGN (0x8)

/DISCARD/
 libc.a(*)
 libm.a(*)
 libgcc.a(*)

.ARM.attributes
                0x00000000       0x29
 *(.ARM.attributes)
 .ARM.attributes
                0x00000000       0x1d /opt/st/stm32cubeclt_1.15.1/GNU-tools-for-STM32/bin/../lib/gcc/arm-none-eabi/12.3.1/thumb/v7-m/nofp/crti.o
 .ARM.attributes
                0x0000001d       0x2d /opt/st/stm32cubeclt_1.15.1/GNU-tools-for-STM32/bin/../lib/gcc/arm-none-eabi/12.3.1/thumb/v7-m/nofp/crtbegin.o
 .ARM.attributes
                0x0000004a       0x2d /opt/st/stm32cubeclt_1.15.1/GNU-tools-for-STM32/bin/../lib/gcc/arm-none-eabi/12.3.1/../../../../arm-none-eabi/lib/thumb/v7-m/nofp/libc.a(libc_a-init.o)
 .ARM.attributes
                0x00000077       0x2d /opt/st/stm32cubeclt_1.15.1/GNU-tools-for-STM32/bin/../lib/gcc/arm-none-eabi/12.3.1/../../../../arm-none-eabi/lib/thumb/v7-m/nofp/libc.a(libc_a-lock.o)
 .ARM.attributes
                0x000000a4       0x2d /opt/st/stm32cubeclt_1.15.1/GNU-tools-for-STM32/bin/../lib/gcc/arm-none-eabi/12.3.1/../../../../arm-none-eabi/lib/thumb/v7-m/nofp/libc.a(libc_a-__call_atexit.o)
 .ARM.attributes
                0x000000d1       0x2d /opt/st/stm32cubeclt_1.15.1/GNU-tools-for-STM32/bin/../lib/gcc/arm-none-eabi/12.3.1/../../../../arm-none-eabi/lib/thumb/v7-m/nofp/libc.a(libc_a-atexit.o)
 .ARM.attributes
                0x000000fe       0x2d /opt/st/stm32cubeclt_1.15.1/GNU-tools-for-STM32/bin/../lib/gcc/arm-none-eabi/12.3.1/../../../../arm-none-eabi/lib/thumb/v7-m/nofp/libc.a(libc_a-fini.o)
 .ARM.attributes
                0x0000012b       0x2d /opt/st/stm32cubeclt_1.15.1/GNU-tools-for-STM32/bin/../lib/gcc/arm-none-eabi/12.3.1/../../../../arm-none-eabi/lib/thumb/v7-m/nofp/libc.a(libc_a-__atexit.o)
 .ARM.attributes
                0x00000158       0x2d CMakeFiles/stm32f103c8t6-project.dir/Src/main.c.obj
 .ARM.attributes
                0x00000185       0x21 CMakeFiles/stm32f103c8t6-project.dir/Startup/startup_stm32f103c8tx.s.obj
 .ARM.attributes
                0x000001a6       0x1d /opt/st/stm32cubeclt_1.15.1/GNU-tools-for-STM32/bin/../lib/gcc/arm-none-eabi/12.3.1/thumb/v7-m/nofp/crtn.o
OUTPUT(stm32f103c8t6-project.elf elf32-littlearm)
LOAD linker stubs
LOAD /opt/st/stm32cubeclt_1.15.1/GNU-tools-for-STM32/bin/../lib/gcc/arm-none-eabi/12.3.1/../../../../arm-none-eabi/lib/thumb/v7-m/nofp/libc.a
LOAD /opt/st/stm32cubeclt_1.15.1/GNU-tools-for-STM32/bin/../lib/gcc/arm-none-eabi/12.3.1/../../../../arm-none-eabi/lib/thumb/v7-m/nofp/libm.a
LOAD /opt/st/stm32cubeclt_1.15.1/GNU-tools-for-STM32/bin/../lib/gcc/arm-none-eabi/12.3.1/thumb/v7-m/nofp/libgcc.a

.debug_frame    0x00000000      0x1e0
 .debug_frame   0x00000000       0x2c /opt/st/stm32cubeclt_1.15.1/GNU-tools-for-STM32/bin/../lib/gcc/arm-none-eabi/12.3.1/../../../../arm-none-eabi/lib/thumb/v7-m/nofp/libc.a(libc_a-init.o)
 .debug_frame   0x0000002c       0xb0 /opt/st/stm32cubeclt_1.15.1/GNU-tools-for-STM32/bin/../lib/gcc/arm-none-eabi/12.3.1/../../../../arm-none-eabi/lib/thumb/v7-m/nofp/libc.a(libc_a-lock.o)
 .debug_frame   0x000000dc       0x58 /opt/st/stm32cubeclt_1.15.1/GNU-tools-for-STM32/bin/../lib/gcc/arm-none-eabi/12.3.1/../../../../arm-none-eabi/lib/thumb/v7-m/nofp/libc.a(libc_a-__call_atexit.o)
 .debug_frame   0x00000134       0x20 /opt/st/stm32cubeclt_1.15.1/GNU-tools-for-STM32/bin/../lib/gcc/arm-none-eabi/12.3.1/../../../../arm-none-eabi/lib/thumb/v7-m/nofp/libc.a(libc_a-atexit.o)
 .debug_frame   0x00000154       0x38 /opt/st/stm32cubeclt_1.15.1/GNU-tools-for-STM32/bin/../lib/gcc/arm-none-eabi/12.3.1/../../../../arm-none-eabi/lib/thumb/v7-m/nofp/libc.a(libc_a-fini.o)
 .debug_frame   0x0000018c       0x34 /opt/st/stm32cubeclt_1.15.1/GNU-tools-for-STM32/bin/../lib/gcc/arm-none-eabi/12.3.1/../../../../arm-none-eabi/lib/thumb/v7-m/nofp/libc.a(libc_a-__atexit.o)
 .debug_frame   0x000001c0       0x20 CMakeFiles/stm32f103c8t6-project.dir/Src/main.c.obj

.debug_info     0x00000000       0xb7
 .debug_info    0x00000000       0x87 CMakeFiles/stm32f103c8t6-project.dir/Src/main.c.obj
 .debug_info    0x00000087       0x30 CMakeFiles/stm32f103c8t6-project.dir/Startup/startup_stm32f103c8tx.s.obj

.debug_abbrev   0x00000000       0x6b
 .debug_abbrev  0x00000000       0x47 CMakeFiles/stm32f103c8t6-project.dir/Src/main.c.obj
 .debug_abbrev  0x00000047       0x24 CMakeFiles/stm32f103c8t6-project.dir/Startup/startup_stm32f103c8tx.s.obj

.debug_aranges  0x00000000       0x48
 .debug_aranges
                0x00000000       0x20 CMakeFiles/stm32f103c8t6-project.dir/Src/main.c.obj
 .debug_aranges
                0x00000020       0x28 CMakeFiles/stm32f103c8t6-project.dir/Startup/startup_stm32f103c8tx.s.obj

.debug_rnglists
                0x00000000       0x2c
 .debug_rnglists
                0x00000000       0x13 CMakeFiles/stm32f103c8t6-project.dir/Src/main.c.obj
 .debug_rnglists
                0x00000013       0x19 CMakeFiles/stm32f103c8t6-project.dir/Startup/startup_stm32f103c8tx.s.obj

.debug_macro    0x00000000      0xf4c
 .debug_macro   0x00000000       0x63 CMakeFiles/stm32f103c8t6-project.dir/Src/main.c.obj
 .debug_macro   0x00000063      0xa9c CMakeFiles/stm32f103c8t6-project.dir/Src/main.c.obj
 .debug_macro   0x00000aff       0x22 CMakeFiles/stm32f103c8t6-project.dir/Src/main.c.obj
 .debug_macro   0x00000b21       0x8e CMakeFiles/stm32f103c8t6-project.dir/Src/main.c.obj
 .debug_macro   0x00000baf       0x51 CMakeFiles/stm32f103c8t6-project.dir/Src/main.c.obj
 .debug_macro   0x00000c00      0x103 CMakeFiles/stm32f103c8t6-project.dir/Src/main.c.obj
 .debug_macro   0x00000d03       0x6a CMakeFiles/stm32f103c8t6-project.dir/Src/main.c.obj
 .debug_macro   0x00000d6d      0x1df CMakeFiles/stm32f103c8t6-project.dir/Src/main.c.obj

.debug_line     0x00000000      0x29e
 .debug_line    0x00000000      0x223 CMakeFiles/stm32f103c8t6-project.dir/Src/main.c.obj
 .debug_line    0x00000223       0x7b CMakeFiles/stm32f103c8t6-project.dir/Startup/startup_stm32f103c8tx.s.obj

.debug_str      0x00000000     0x3bf6
 .debug_str     0x00000000     0x3b7b CMakeFiles/stm32f103c8t6-project.dir/Src/main.c.obj
                               0x3cd6 (size before relaxing)
 .debug_str     0x00003b7b       0x7b CMakeFiles/stm32f103c8t6-project.dir/Startup/startup_stm32f103c8tx.s.obj
                                 0xc6 (size before relaxing)

.comment        0x00000000       0x43
 .comment       0x00000000       0x43 CMakeFiles/stm32f103c8t6-project.dir/Src/main.c.obj
                                 0x44 (size before relaxing)

.debug_line_str
                0x00000000       0xaa
 .debug_line_str
                0x00000000       0xaa CMakeFiles/stm32f103c8t6-project.dir/Startup/startup_stm32f103c8tx.s.obj
